Archive member included to satisfy reference by file (symbol)

/home/administrator/.local/share/stm32cube/bundles/gnu-tools-for-stm32/14.3.1+st.2/bin/../lib/gcc/arm-none-eabi/14.3.1/../../../../arm-none-eabi/lib/thumb/v7e-m+fp/hard/libc_nano.a(libc_a-exit.o)
                              /home/administrator/.local/share/stm32cube/bundles/gnu-tools-for-stm32/14.3.1+st.2/bin/../lib/gcc/arm-none-eabi/14.3.1/../../../../arm-none-eabi/lib/thumb/v7e-m+fp/hard/crt0.o (exit)
/home/administrator/.local/share/stm32cube/bundles/gnu-tools-for-stm32/14.3.1+st.2/bin/../lib/gcc/arm-none-eabi/14.3.1/../../../../arm-none-eabi/lib/thumb/v7e-m+fp/hard/libc_nano.a(libc_a-findfp.o)
                              /home/administrator/.local/share/stm32cube/bundles/gnu-tools-for-stm32/14.3.1+st.2/bin/../lib/gcc/arm-none-eabi/14.3.1/../../../../arm-none-eabi/lib/thumb/v7e-m+fp/hard/libc_nano.a(libc_a-exit.o) (__stdio_exit_handler)
/home/administrator/.local/share/stm32cube/bundles/gnu-tools-for-stm32/14.3.1+st.2/bin/../lib/gcc/arm-none-eabi/14.3.1/../../../../arm-none-eabi/lib/thumb/v7e-m+fp/hard/libc_nano.a(libc_a-fwalk.o)
                              /home/administrator/.local/share/stm32cube/bundles/gnu-tools-for-stm32/14.3.1+st.2/bin/../lib/gcc/arm-none-eabi/14.3.1/../../../../arm-none-eabi/lib/thumb/v7e-m+fp/hard/libc_nano.a(libc_a-findfp.o) (_fwalk_sglue)
/home/administrator/.local/share/stm32cube/bundles/gnu-tools-for-stm32/14.3.1+st.2/bin/../lib/gcc/arm-none-eabi/14.3.1/../../../../arm-none-eabi/lib/thumb/v7e-m+fp/hard/libc_nano.a(libc_a-stdio.o)
                              /home/administrator/.local/share/stm32cube/bundles/gnu-tools-for-stm32/14.3.1+st.2/bin/../lib/gcc/arm-none-eabi/14.3.1/../../../../arm-none-eabi/lib/thumb/v7e-m+fp/hard/libc_nano.a(libc_a-findfp.o) (__sread)
/home/administrator/.local/share/stm32cube/bundles/gnu-tools-for-stm32/14.3.1+st.2/bin/../lib/gcc/arm-none-eabi/14.3.1/../../../../arm-none-eabi/lib/thumb/v7e-m+fp/hard/libc_nano.a(libc_a-memset.o)
                              /home/administrator/.local/share/stm32cube/bundles/gnu-tools-for-stm32/14.3.1+st.2/bin/../lib/gcc/arm-none-eabi/14.3.1/../../../../arm-none-eabi/lib/thumb/v7e-m+fp/hard/crt0.o (memset)
/home/administrator/.local/share/stm32cube/bundles/gnu-tools-for-stm32/14.3.1+st.2/bin/../lib/gcc/arm-none-eabi/14.3.1/../../../../arm-none-eabi/lib/thumb/v7e-m+fp/hard/libc_nano.a(libc_a-closer.o)
                              /home/administrator/.local/share/stm32cube/bundles/gnu-tools-for-stm32/14.3.1+st.2/bin/../lib/gcc/arm-none-eabi/14.3.1/../../../../arm-none-eabi/lib/thumb/v7e-m+fp/hard/libc_nano.a(libc_a-stdio.o) (_close_r)
/home/administrator/.local/share/stm32cube/bundles/gnu-tools-for-stm32/14.3.1+st.2/bin/../lib/gcc/arm-none-eabi/14.3.1/../../../../arm-none-eabi/lib/thumb/v7e-m+fp/hard/libc_nano.a(libc_a-reent.o)
                              /home/administrator/.local/share/stm32cube/bundles/gnu-tools-for-stm32/14.3.1+st.2/bin/../lib/gcc/arm-none-eabi/14.3.1/../../../../arm-none-eabi/lib/thumb/v7e-m+fp/hard/libc_nano.a(libc_a-closer.o) (errno)
/home/administrator/.local/share/stm32cube/bundles/gnu-tools-for-stm32/14.3.1+st.2/bin/../lib/gcc/arm-none-eabi/14.3.1/../../../../arm-none-eabi/lib/thumb/v7e-m+fp/hard/libc_nano.a(libc_a-impure.o)
                              /home/administrator/.local/share/stm32cube/bundles/gnu-tools-for-stm32/14.3.1+st.2/bin/../lib/gcc/arm-none-eabi/14.3.1/../../../../arm-none-eabi/lib/thumb/v7e-m+fp/hard/libc_nano.a(libc_a-reent.o) (_impure_ptr)
/home/administrator/.local/share/stm32cube/bundles/gnu-tools-for-stm32/14.3.1+st.2/bin/../lib/gcc/arm-none-eabi/14.3.1/../../../../arm-none-eabi/lib/thumb/v7e-m+fp/hard/libc_nano.a(libc_a-lseekr.o)
                              /home/administrator/.local/share/stm32cube/bundles/gnu-tools-for-stm32/14.3.1+st.2/bin/../lib/gcc/arm-none-eabi/14.3.1/../../../../arm-none-eabi/lib/thumb/v7e-m+fp/hard/libc_nano.a(libc_a-stdio.o) (_lseek_r)
/home/administrator/.local/share/stm32cube/bundles/gnu-tools-for-stm32/14.3.1+st.2/bin/../lib/gcc/arm-none-eabi/14.3.1/../../../../arm-none-eabi/lib/thumb/v7e-m+fp/hard/libc_nano.a(libc_a-readr.o)
                              /home/administrator/.local/share/stm32cube/bundles/gnu-tools-for-stm32/14.3.1+st.2/bin/../lib/gcc/arm-none-eabi/14.3.1/../../../../arm-none-eabi/lib/thumb/v7e-m+fp/hard/libc_nano.a(libc_a-stdio.o) (_read_r)
/home/administrator/.local/share/stm32cube/bundles/gnu-tools-for-stm32/14.3.1+st.2/bin/../lib/gcc/arm-none-eabi/14.3.1/../../../../arm-none-eabi/lib/thumb/v7e-m+fp/hard/libc_nano.a(libc_a-writer.o)
                              /home/administrator/.local/share/stm32cube/bundles/gnu-tools-for-stm32/14.3.1+st.2/bin/../lib/gcc/arm-none-eabi/14.3.1/../../../../arm-none-eabi/lib/thumb/v7e-m+fp/hard/libc_nano.a(libc_a-stdio.o) (_write_r)
[...]
Memory Configuration

Name             Origin             Length             Attributes
RAM              0x20000000         0x0000a000         xrw
CCMRAM           0x10000000         0x00002000         xrw
FLASH            0x08000000         0x00040000         xr
*default*        0x00000000         0xffffffff

Linker script and memory map

LOAD /home/administrator/.local/share/stm32cube/bundles/gnu-tools-for-stm32/14.3.1+st.2/bin/../lib/gcc/arm-none-eabi/14.3.1/thumb/v7e-m+fp/hard/crti.o
LOAD /home/administrator/.local/share/stm32cube/bundles/gnu-tools-for-stm32/14.3.1+st.2/bin/../lib/gcc/arm-none-eabi/14.3.1/thumb/v7e-m+fp/hard/crtbegin.o
LOAD /home/administrator/.local/share/stm32cube/bundles/gnu-tools-for-stm32/14.3.1+st.2/bin/../lib/gcc/arm-none-eabi/14.3.1/../../../../arm-none-eabi/lib/thumb/v7e-m+fp/hard/crt0.o
START GROUP
LOAD /home/administrator/.local/share/stm32cube/bundles/gnu-tools-for-stm32/14.3.1+st.2/bin/../lib/gcc/arm-none-eabi/14.3.1/../../../../arm-none-eabi/lib/thumb/v7e-m+fp/hard/libc_nano.a
LOAD /home/administrator/.local/share/stm32cube/bundles/gnu-tools-for-stm32/14.3.1+st.2/bin/../lib/gcc/arm-none-eabi/14.3.1/../../../../arm-none-eabi/lib/thumb/v7e-m+fp/hard/libm.a
END GROUP
LOAD cmake/stm32cubemx/CMakeFiles/STM32_Drivers.dir/__/__/Core/Src/system_stm32f3xx.c.obj
LOAD cmake/stm32cubemx/CMakeFiles/STM32_Drivers.dir/__/__/Drivers/STM32F3xx_HAL_Driver/Src/stm32f3xx_ll_usb.c.obj
LOAD cmake/stm32cubemx/CMakeFiles/STM32_Drivers.dir/__/__/Drivers/STM32F3xx_HAL_Driver/Src/stm32f3xx_hal_adc.c.obj
LOAD cmake/stm32cubemx/CMakeFiles/STM32_Drivers.dir/__/__/Drivers/STM32F3xx_HAL_Driver/Src/stm32f3xx_hal_adc_ex.c.obj
LOAD cmake/stm32cubemx/CMakeFiles/STM32_Drivers.dir/__/__/Drivers/STM32F3xx_HAL_Driver/Src/stm32f3xx_hal.c.obj
LOAD cmake/stm32cubemx/CMakeFiles/STM32_Drivers.dir/__/__/Drivers/STM32F3xx_HAL_Driver/Src/stm32f3xx_hal_rcc.c.obj
LOAD cmake/stm32cubemx/CMakeFiles/STM32_Drivers.dir/__/__/Drivers/STM32F3xx_HAL_Driver/Src/stm32f3xx_hal_rcc_ex.c.obj
LOAD cmake/stm32cubemx/CMakeFiles/STM32_Drivers.dir/__/__/Drivers/STM32F3xx_HAL_Driver/Src/stm32f3xx_hal_gpio.c.obj
LOAD cmake/stm32cubemx/CMakeFiles/STM32_Drivers.dir/__/__/Drivers/STM32F3xx_HAL_Driver/Src/stm32f3xx_hal_dma.c.obj
LOAD cmake/stm32cubemx/CMakeFiles/STM32_Drivers.dir/__/__/Drivers/STM32F3xx_HAL_Driver/Src/stm32f3xx_hal_cortex.c.obj
LOAD cmake/stm32cubemx/CMakeFiles/STM32_Drivers.dir/__/__/Drivers/STM32F3xx_HAL_Driver/Src/stm32f3xx_hal_pwr.c.obj
LOAD cmake/stm32cubemx/CMakeFiles/STM32_Drivers.dir/__/__/Drivers/STM32F3xx_HAL_Driver/Src/stm32f3xx_hal_pwr_ex.c.obj
LOAD cmake/stm32cubemx/CMakeFiles/STM32_Drivers.dir/__/__/Drivers/STM32F3xx_HAL_Driver/Src/stm32f3xx_hal_flash.c.obj
LOAD cmake/stm32cubemx/CMakeFiles/STM32_Drivers.dir/__/__/Drivers/STM32F3xx_HAL_Driver/Src/stm32f3xx_hal_flash_ex.c.obj
LOAD cmake/stm32cubemx/CMakeFiles/STM32_Drivers.dir/__/__/Drivers/STM32F3xx_HAL_Driver/Src/stm32f3xx_hal_i2c.c.obj
LOAD cmake/stm32cubemx/CMakeFiles/STM32_Drivers.dir/__/__/Drivers/STM32F3xx_HAL_Driver/Src/stm32f3xx_hal_i2c_ex.c.obj
LOAD cmake/stm32cubemx/CMakeFiles/STM32_Drivers.dir/__/__/Drivers/STM32F3xx_HAL_Driver/Src/stm32f3xx_hal_exti.c.obj
LOAD cmake/stm32cubemx/CMakeFiles/STM32_Drivers.dir/__/__/Drivers/STM32F3xx_HAL_Driver/Src/stm32f3xx_hal_spi.c.obj
LOAD cmake/stm32cubemx/CMakeFiles/STM32_Drivers.dir/__/__/Drivers/STM32F3xx_HAL_Driver/Src/stm32f3xx_hal_spi_ex.c.obj
LOAD cmake/stm32cubemx/CMakeFiles/STM32_Drivers.dir/__/__/Drivers/STM32F3xx_HAL_Driver/Src/stm32f3xx_hal_uart.c.obj
LOAD cmake/stm32cubemx/CMakeFiles/STM32_Drivers.dir/__/__/Drivers/STM32F3xx_HAL_Driver/Src/stm32f3xx_hal_uart_ex.c.obj
LOAD cmake/stm32cubemx/CMakeFiles/STM32_Drivers.dir/__/__/Drivers/STM32F3xx_HAL_Driver/Src/stm32f3xx_hal_pcd.c.obj
LOAD cmake/stm32cubemx/CMakeFiles/STM32_Drivers.dir/__/__/Drivers/STM32F3xx_HAL_Driver/Src/stm32f3xx_hal_pcd_ex.c.obj
LOAD CMakeFiles/Lab_07.dir/Core/Src/main.c.obj
LOAD CMakeFiles/Lab_07.dir/Core/Src/stm32f3xx_it.c.obj
LOAD CMakeFiles/Lab_07.dir/Core/Src/stm32f3xx_hal_msp.c.obj
LOAD CMakeFiles/Lab_07.dir/Core/Src/sysmem.c.obj
LOAD CMakeFiles/Lab_07.dir/Core/Src/syscalls.c.obj
LOAD CMakeFiles/Lab_07.dir/startup_stm32f303xc.s.obj
START GROUP
LOAD /home/administrator/.local/share/stm32cube/bundles/gnu-tools-for-stm32/14.3.1+st.2/bin/../lib/gcc/arm-none-eabi/14.3.1/thumb/v7e-m+fp/hard/libgcc.a
LOAD /home/administrator/.local/share/stm32cube/bundles/gnu-tools-for-stm32/14.3.1+st.2/bin/../lib/gcc/arm-none-eabi/14.3.1/../../../../arm-none-eabi/lib/thumb/v7e-m+fp/hard/libg_nano.a
LOAD /home/administrator/.local/share/stm32cube/bundles/gnu-tools-for-stm32/14.3.1+st.2/bin/../lib/gcc/arm-none-eabi/14.3.1/../../../../arm-none-eabi/lib/thumb/v7e-m+fp/hard/libc_nano.a
END GROUP
START GROUP
LOAD /home/administrator/.local/share/stm32cube/bundles/gnu-tools-for-stm32/14.3.1+st.2/bin/../lib/gcc/arm-none-eabi/14.3.1/thumb/v7e-m+fp/hard/libgcc.a
LOAD /home/administrator/.local/share/stm32cube/bundles/gnu-tools-for-stm32/14.3.1+st.2/bin/../lib/gcc/arm-none-eabi/14.3.1/../../../../arm-none-eabi/lib/thumb/v7e-m+fp/hard/libc_nano.a
END GROUP
LOAD /home/administrator/.local/share/stm32cube/bundles/gnu-tools-for-stm32/14.3.1+st.2/bin/../lib/gcc/arm-none-eabi/14.3.1/thumb/v7e-m+fp/hard/crtend.o
LOAD /home/administrator/.local/share/stm32cube/bundles/gnu-tools-for-stm32/14.3.1+st.2/bin/../lib/gcc/arm-none-eabi/14.3.1/thumb/v7e-m+fp/hard/crtn.o
                0x2000a000                        _estack = (ORIGIN (RAM) + LENGTH (RAM))
                0x00000200                        _Min_Heap_Size = 0x200
                0x00000400                        _Min_Stack_Size = 0x400

.isr_vector     0x08000000      0x188
                0x08000000                        . = ALIGN (0x4)
 *(.isr_vector)
 .isr_vector    0x08000000      0x188 CMakeFiles/Lab_07.dir/startup_stm32f303xc.s.obj
                0x08000000                g_pfnVectors
                0x08000188                        . = ALIGN (0x4)

.text           0x08000190     0x5764
                0x08000190                        . = ALIGN (0x4)
 *(.text)
 .text          0x08000190       0x40 /home/administrator/.local/share/stm32cube/bundles/gnu-tools-for-stm32/14.3.1+st.2/bin/../lib/gcc/arm-none-eabi/14.3.1/thumb/v7e-m+fp/hard/crtbegin.o
 .text          0x080001d0       0x10 /home/administrator/.local/share/stm32cube/bundles/gnu-tools-for-stm32/14.3.1+st.2/bin/../lib/gcc/arm-none-eabi/14.3.1/../../../../arm-none-eabi/lib/thumb/v7e-m+fp/hard/libg_nano.a(libc_a-strlen.o)
                0x080001d0                strlen
 .text          0x080001e0       0xa0 /home/administrator/.local/share/stm32cube/bundles/gnu-tools-for-stm32/14.3.1+st.2/bin/../lib/gcc/arm-none-eabi/14.3.1/../../../../arm-none-eabi/lib/thumb/v7e-m+fp/hard/libg_nano.a(libc_a-memchr.o)
                0x080001e0                memchr
 *(.text*)
 .text.memset   0x08000280       0x10 /home/administrator/.local/share/stm32cube/bundles/gnu-tools-for-stm32/14.3.1+st.2/bin/../lib/gcc/arm-none-eabi/14.3.1/../../../../arm-none-eabi/lib/thumb/v7e-m+fp/hard/libc_nano.a(libc_a-memset.o)
                0x08000280                memset
 .text.__libc_init_array
                0x08000290       0x48 /home/administrator/.local/share/stm32cube/bundles/gnu-tools-for-stm32/14.3.1+st.2/bin/../lib/gcc/arm-none-eabi/14.3.1/../../../../arm-none-eabi/lib/thumb/v7e-m+fp/hard/libc_nano.a(libc_a-init.o)
                0x08000290                __libc_init_array
 .text.__retarget_lock_acquire_recursive
                0x080002d8        0x2 /home/administrator/.local/share/stm32cube/bundles/gnu-tools-for-stm32/14.3.1+st.2/bin/../lib/gcc/arm-none-eabi/14.3.1/../../../../arm-none-eabi/lib/thumb/v7e-m+fp/hard/libc_nano.a(libc_a-lock.o)
                0x080002d8                __retarget_lock_acquire_recursive
 .text.__retarget_lock_release_recursive
                0x080002da        0x2 /home/administrator/.local/share/stm32cube/bundles/gnu-tools-for-stm32/14.3.1+st.2/bin/../lib/gcc/arm-none-eabi/14.3.1/../../../../arm-none-eabi/lib/thumb/v7e-m+fp/hard/libc_nano.a(libc_a-lock.o)
                0x080002da                __retarget_lock_release_recursive
 .text._free_r  0x080002dc       0x94 /home/administrator/.local/share/stm32cube/bundles/gnu-tools-for-stm32/14.3.1+st.2/bin/../lib/gcc/arm-none-eabi/14.3.1/../../../../arm-none-eabi/lib/thumb/v7e-m+fp/hard/libc_nano.a(libc_a-freer.o)
                0x080002dc                _free_r
 .text.sbrk_aligned
                0x08000370       0x44 /home/administrator/.local/share/stm32cube/bundles/gnu-tools-for-stm32/14.3.1+st.2/bin/../lib/gcc/arm-none-eabi/14.3.1/../../../../arm-none-eabi/lib/thumb/v7e-m+fp/hard/libc_nano.a(libc_a-mallocr.o)
 .text._malloc_r
                0x080003b4      0x100 /home/administrator/.local/share/stm32cube/bundles/gnu-tools-for-stm32/14.3.1+st.2/bin/../lib/gcc/arm-none-eabi/14.3.1/../../../../arm-none-eabi/lib/thumb/v7e-m+fp/hard/libc_nano.a(libc_a-mallocr.o)
                0x080003b4                _malloc_r
 .text.__malloc_lock
                0x080004b4        0xc /home/administrator/.local/share/stm32cube/bundles/gnu-tools-for-stm32/14.3.1+st.2/bin/../lib/gcc/arm-none-eabi/14.3.1/../../../../arm-none-eabi/lib/thumb/v7e-m+fp/hard/libc_nano.a(libc_a-mlock.o)
                0x080004b4                __malloc_lock
 .text.__malloc_unlock
                0x080004c0        0xc /home/administrator/.local/share/stm32cube/bundles/gnu-tools-for-stm32/14.3.1+st.2/bin/../lib/gcc/arm-none-eabi/14.3.1/../../../../arm-none-eabi/lib/thumb/v7e-m+fp/hard/libc_nano.a(libc_a-mlock.o)
                0x080004c0                __malloc_unlock
 .text._sbrk_r  0x080004cc       0x20 /home/administrator/.local/share/stm32cube/bundles/gnu-tools-for-stm32/14.3.1+st.2/bin/../lib/gcc/arm-none-eabi/14.3.1/../../../../arm-none-eabi/lib/thumb/v7e-m+fp/hard/libc_nano.a(libc_a-sbrkr.o)
                0x080004cc                _sbrk_r
 .text.SystemInit
                0x080004ec       0x24 cmake/stm32cubemx/CMakeFiles/STM32_Drivers.dir/__/__/Core/Src/system_stm32f3xx.c.obj
                0x080004ec                SystemInit
 .text.USB_DisableGlobalInt
                0x08000510       0x36 cmake/stm32cubemx/CMakeFiles/STM32_Drivers.dir/__/__/Drivers/STM32F3xx_HAL_Driver/Src/stm32f3xx_ll_usb.c.obj
                0x08000510                USB_DisableGlobalInt
 .text.USB_DevInit
                0x08000546       0x3c cmake/stm32cubemx/CMakeFiles/STM32_Drivers.dir/__/__/Drivers/STM32F3xx_HAL_Driver/Src/stm32f3xx_ll_usb.c.obj
                0x08000546                USB_DevInit
 .text.HAL_ADC_LevelOutOfWindowCallback
                0x08000582       0x14 cmake/stm32cubemx/CMakeFiles/STM32_Drivers.dir/__/__/Drivers/STM32F3xx_HAL_Driver/Src/stm32f3xx_hal_adc.c.obj
                0x08000582                HAL_ADC_LevelOutOfWindowCallback
 .text.HAL_ADC_ErrorCallback
                0x08000596       0x14 cmake/stm32cubemx/CMakeFiles/STM32_Drivers.dir/__/__/Drivers/STM32F3xx_HAL_Driver/Src/stm32f3xx_hal_adc.c.obj
                0x08000596                HAL_ADC_ErrorCallback
 *fill*         0x080005aa        0x2 
 .text.HAL_ADC_Init
                0x080005ac      0x3c0 cmake/stm32cubemx/CMakeFiles/STM32_Drivers.dir/__/__/Drivers/STM32F3xx_HAL_Driver/Src/stm32f3xx_hal_adc_ex.c.obj
                0x080005ac                HAL_ADC_Init
 .text.HAL_ADC_Start_IT
                0x0800096c      0x280 cmake/stm32cubemx/CMakeFiles/STM32_Drivers.dir/__/__/Drivers/STM32F3xx_HAL_Driver/Src/stm32f3xx_hal_adc_ex.c.obj
                0x0800096c                HAL_ADC_Start_IT
 .text.HAL_ADC_GetValue
                0x08000bec       0x1a cmake/stm32cubemx/CMakeFiles/STM32_Drivers.dir/__/__/Drivers/STM32F3xx_HAL_Driver/Src/stm32f3xx_hal_adc_ex.c.obj
                0x08000bec                HAL_ADC_GetValue
 *fill*         0x08000c06        0x2 
 .text.HAL_ADC_IRQHandler
                0x08000c08      0x5cc cmake/stm32cubemx/CMakeFiles/STM32_Drivers.dir/__/__/Drivers/STM32F3xx_HAL_Driver/Src/stm32f3xx_hal_adc_ex.c.obj
                0x08000c08                HAL_ADC_IRQHandler
 .text.HAL_ADCEx_InjectedConvCpltCallback
                0x080011d4       0x14 cmake/stm32cubemx/CMakeFiles/STM32_Drivers.dir/__/__/Drivers/STM32F3xx_HAL_Driver/Src/stm32f3xx_hal_adc_ex.c.obj
                0x080011d4                HAL_ADCEx_InjectedConvCpltCallback
 .text.HAL_ADCEx_InjectedQueueOverflowCallback
                0x080011e8       0x14 cmake/stm32cubemx/CMakeFiles/STM32_Drivers.dir/__/__/Drivers/STM32F3xx_HAL_Driver/Src/stm32f3xx_hal_adc_ex.c.obj
                0x080011e8                HAL_ADCEx_InjectedQueueOverflowCallback
 .text.HAL_ADCEx_LevelOutOfWindow2Callback
                0x080011fc       0x14 cmake/stm32cubemx/CMakeFiles/STM32_Drivers.dir/__/__/Drivers/STM32F3xx_HAL_Driver/Src/stm32f3xx_hal_adc_ex.c.obj
                0x080011fc                HAL_ADCEx_LevelOutOfWindow2Callback
 .text.HAL_ADCEx_LevelOutOfWindow3Callback
                0x08001210       0x14 cmake/stm32cubemx/CMakeFiles/STM32_Drivers.dir/__/__/Drivers/STM32F3xx_HAL_Driver/Src/stm32f3xx_hal_adc_ex.c.obj
                0x08001210                HAL_ADCEx_LevelOutOfWindow3Callback
 .text.HAL_ADC_ConfigChannel
                0x08001224      0x5d4 cmake/stm32cubemx/CMakeFiles/STM32_Drivers.dir/__/__/Drivers/STM32F3xx_HAL_Driver/Src/stm32f3xx_hal_adc_ex.c.obj
                0x08001224                HAL_ADC_ConfigChannel
 .text.HAL_ADCEx_MultiModeConfigChannel
                0x080017f8      0x1e4 cmake/stm32cubemx/CMakeFiles/STM32_Drivers.dir/__/__/Drivers/STM32F3xx_HAL_Driver/Src/stm32f3xx_hal_adc_ex.c.obj
                0x080017f8                HAL_ADCEx_MultiModeConfigChannel
 .text.ADC_Enable
                0x080019dc       0xc8 cmake/stm32cubemx/CMakeFiles/STM32_Drivers.dir/__/__/Drivers/STM32F3xx_HAL_Driver/Src/stm32f3xx_hal_adc_ex.c.obj
 .text.ADC_Disable
                0x08001aa4       0xcc cmake/stm32cubemx/CMakeFiles/STM32_Drivers.dir/__/__/Drivers/STM32F3xx_HAL_Driver/Src/stm32f3xx_hal_adc_ex.c.obj
 .text.HAL_Init
                0x08001b70       0x2c cmake/stm32cubemx/CMakeFiles/STM32_Drivers.dir/__/__/Drivers/STM32F3xx_HAL_Driver/Src/stm32f3xx_hal.c.obj
                0x08001b70                HAL_Init
 .text.HAL_InitTick
                0x08001b9c       0x60 cmake/stm32cubemx/CMakeFiles/STM32_Drivers.dir/__/__/Drivers/STM32F3xx_HAL_Driver/Src/stm32f3xx_hal.c.obj
                0x08001b9c                HAL_InitTick
 .text.HAL_IncTick
                0x08001bfc       0x28 cmake/stm32cubemx/CMakeFiles/STM32_Drivers.dir/__/__/Drivers/STM32F3xx_HAL_Driver/Src/stm32f3xx_hal.c.obj
                0x08001bfc                HAL_IncTick
 .text.HAL_GetTick
                0x08001c24       0x18 cmake/stm32cubemx/CMakeFiles/STM32_Drivers.dir/__/__/Drivers/STM32F3xx_HAL_Driver/Src/stm32f3xx_hal.c.obj
                0x08001c24                HAL_GetTick
 .text.HAL_Delay
                0x08001c3c       0x48 cmake/stm32cubemx/CMakeFiles/STM32_Drivers.dir/__/__/Drivers/STM32F3xx_HAL_Driver/Src/stm32f3xx_hal.c.obj
                0x08001c3c                HAL_Delay
 .text.HAL_RCC_OscConfig
                0x08001c84     0x101c cmake/stm32cubemx/CMakeFiles/STM32_Drivers.dir/__/__/Drivers/STM32F3xx_HAL_Driver/Src/stm32f3xx_hal_rcc.c.obj
                0x08001c84                HAL_RCC_OscConfig
 .text.HAL_RCC_ClockConfig
                0x08002ca0      0x2dc cmake/stm32cubemx/CMakeFiles/STM32_Drivers.dir/__/__/Drivers/STM32F3xx_HAL_Driver/Src/stm32f3xx_hal_rcc.c.obj
                0x08002ca0                HAL_RCC_ClockConfig
 .text.HAL_RCC_GetSysClockFreq
                0x08002f7c       0xa8 cmake/stm32cubemx/CMakeFiles/STM32_Drivers.dir/__/__/Drivers/STM32F3xx_HAL_Driver/Src/stm32f3xx_hal_rcc.c.obj
                0x08002f7c                HAL_RCC_GetSysClockFreq
 .text.HAL_RCC_GetHCLKFreq
                0x08003024       0x18 cmake/stm32cubemx/CMakeFiles/STM32_Drivers.dir/__/__/Drivers/STM32F3xx_HAL_Driver/Src/stm32f3xx_hal_rcc.c.obj
                0x08003024                HAL_RCC_GetHCLKFreq
 .text.HAL_RCC_GetPCLK1Freq
                0x0800303c       0x44 cmake/stm32cubemx/CMakeFiles/STM32_Drivers.dir/__/__/Drivers/STM32F3xx_HAL_Driver/Src/stm32f3xx_hal_rcc.c.obj
                0x0800303c                HAL_RCC_GetPCLK1Freq
 .text.HAL_RCC_GetPCLK2Freq
                0x08003080       0x44 cmake/stm32cubemx/CMakeFiles/STM32_Drivers.dir/__/__/Drivers/STM32F3xx_HAL_Driver/Src/stm32f3xx_hal_rcc.c.obj
                0x08003080                HAL_RCC_GetPCLK2Freq
 .text.HAL_RCCEx_PeriphCLKConfig
                0x080030c4      0x35c cmake/stm32cubemx/CMakeFiles/STM32_Drivers.dir/__/__/Drivers/STM32F3xx_HAL_Driver/Src/stm32f3xx_hal_rcc_ex.c.obj
                0x080030c4                HAL_RCCEx_PeriphCLKConfig
 .text.HAL_GPIO_Init
                0x08003420      0x2f4 cmake/stm32cubemx/CMakeFiles/STM32_Drivers.dir/__/__/Drivers/STM32F3xx_HAL_Driver/Src/stm32f3xx_hal_gpio.c.obj
                0x08003420                HAL_GPIO_Init
 .text.HAL_GPIO_WritePin
                0x08003714       0x30 cmake/stm32cubemx/CMakeFiles/STM32_Drivers.dir/__/__/Drivers/STM32F3xx_HAL_Driver/Src/stm32f3xx_hal_gpio.c.obj
                0x08003714                HAL_GPIO_WritePin
 .text.__NVIC_SetPriorityGrouping
                0x08003744       0x48 cmake/stm32cubemx/CMakeFiles/STM32_Drivers.dir/__/__/Drivers/STM32F3xx_HAL_Driver/Src/stm32f3xx_hal_cortex.c.obj
 .text.__NVIC_GetPriorityGrouping
                0x0800378c       0x1c cmake/stm32cubemx/CMakeFiles/STM32_Drivers.dir/__/__/Drivers/STM32F3xx_HAL_Driver/Src/stm32f3xx_hal_cortex.c.obj
 .text.__NVIC_EnableIRQ
                0x080037a8       0x3c cmake/stm32cubemx/CMakeFiles/STM32_Drivers.dir/__/__/Drivers/STM32F3xx_HAL_Driver/Src/stm32f3xx_hal_cortex.c.obj
 .text.__NVIC_SetPriority
                0x080037e4       0x54 cmake/stm32cubemx/CMakeFiles/STM32_Drivers.dir/__/__/Drivers/STM32F3xx_HAL_Driver/Src/stm32f3xx_hal_cortex.c.obj
 .text.NVIC_EncodePriority
                0x08003838       0x66 cmake/stm32cubemx/CMakeFiles/STM32_Drivers.dir/__/__/Drivers/STM32F3xx_HAL_Driver/Src/stm32f3xx_hal_cortex.c.obj
 *fill*         0x0800389e        0x2 
 .text.SysTick_Config
                0x080038a0       0x44 cmake/stm32cubemx/CMakeFiles/STM32_Drivers.dir/__/__/Drivers/STM32F3xx_HAL_Driver/Src/stm32f3xx_hal_cortex.c.obj
 .text.HAL_NVIC_SetPriorityGrouping
                0x080038e4       0x16 cmake/stm32cubemx/CMakeFiles/STM32_Drivers.dir/__/__/Drivers/STM32F3xx_HAL_Driver/Src/stm32f3xx_hal_cortex.c.obj
                0x080038e4                HAL_NVIC_SetPriorityGrouping
 .text.HAL_NVIC_SetPriority
                0x080038fa       0x38 cmake/stm32cubemx/CMakeFiles/STM32_Drivers.dir/__/__/Drivers/STM32F3xx_HAL_Driver/Src/stm32f3xx_hal_cortex.c.obj
                0x080038fa                HAL_NVIC_SetPriority
 .text.HAL_NVIC_EnableIRQ
                0x08003932       0x1c cmake/stm32cubemx/CMakeFiles/STM32_Drivers.dir/__/__/Drivers/STM32F3xx_HAL_Driver/Src/stm32f3xx_hal_cortex.c.obj
                0x08003932                HAL_NVIC_EnableIRQ
 .text.HAL_SYSTICK_Config
                0x0800394e       0x18 cmake/stm32cubemx/CMakeFiles/STM32_Drivers.dir/__/__/Drivers/STM32F3xx_HAL_Driver/Src/stm32f3xx_hal_cortex.c.obj
                0x0800394e                HAL_SYSTICK_Config
 .text.HAL_I2C_Init
                0x08003966      0x136 cmake/stm32cubemx/CMakeFiles/STM32_Drivers.dir/__/__/Drivers/STM32F3xx_HAL_Driver/Src/stm32f3xx_hal_i2c.c.obj
                0x08003966                HAL_I2C_Init
 .text.HAL_I2CEx_ConfigAnalogFilter
                0x08003a9c       0x96 cmake/stm32cubemx/CMakeFiles/STM32_Drivers.dir/__/__/Drivers/STM32F3xx_HAL_Driver/Src/stm32f3xx_hal_i2c_ex.c.obj
                0x08003a9c                HAL_I2CEx_ConfigAnalogFilter
 .text.HAL_I2CEx_ConfigDigitalFilter
                0x08003b32       0x98 cmake/stm32cubemx/CMakeFiles/STM32_Drivers.dir/__/__/Drivers/STM32F3xx_HAL_Driver/Src/stm32f3xx_hal_i2c_ex.c.obj
                0x08003b32                HAL_I2CEx_ConfigDigitalFilter
 .text.HAL_SPI_Init
                0x08003bca      0x156 cmake/stm32cubemx/CMakeFiles/STM32_Drivers.dir/__/__/Drivers/STM32F3xx_HAL_Driver/Src/stm32f3xx_hal_spi.c.obj
                0x08003bca                HAL_SPI_Init
 .text.HAL_UART_Init
                0x08003d20       0x9c cmake/stm32cubemx/CMakeFiles/STM32_Drivers.dir/__/__/Drivers/STM32F3xx_HAL_Driver/Src/stm32f3xx_hal_uart.c.obj
                0x08003d20                HAL_UART_Init
 .text.HAL_UART_Transmit
                0x08003dbc      0x112 cmake/stm32cubemx/CMakeFiles/STM32_Drivers.dir/__/__/Drivers/STM32F3xx_HAL_Driver/Src/stm32f3xx_hal_uart.c.obj
                0x08003dbc                HAL_UART_Transmit
 *fill*         0x08003ece        0x2 
 .text.UART_SetConfig
                0x08003ed0      0x3a8 cmake/stm32cubemx/CMakeFiles/STM32_Drivers.dir/__/__/Drivers/STM32F3xx_HAL_Driver/Src/stm32f3xx_hal_uart.c.obj
                0x08003ed0                UART_SetConfig
 .text.UART_AdvFeatureConfig
                0x08004278      0x144 cmake/stm32cubemx/CMakeFiles/STM32_Drivers.dir/__/__/Drivers/STM32F3xx_HAL_Driver/Src/stm32f3xx_hal_uart.c.obj
                0x08004278                UART_AdvFeatureConfig
 .text.UART_CheckIdleState
                0x080043bc      0x150 cmake/stm32cubemx/CMakeFiles/STM32_Drivers.dir/__/__/Drivers/STM32F3xx_HAL_Driver/Src/stm32f3xx_hal_uart.c.obj
                0x080043bc                UART_CheckIdleState
 .text.UART_WaitOnFlagUntilTimeout
                0x0800450c       0xda cmake/stm32cubemx/CMakeFiles/STM32_Drivers.dir/__/__/Drivers/STM32F3xx_HAL_Driver/Src/stm32f3xx_hal_uart.c.obj
                0x0800450c                UART_WaitOnFlagUntilTimeout
 .text.UART_EndRxTransfer
                0x080045e6       0xc8 cmake/stm32cubemx/CMakeFiles/STM32_Drivers.dir/__/__/Drivers/STM32F3xx_HAL_Driver/Src/stm32f3xx_hal_uart.c.obj
 .text.HAL_PCD_Init
                0x080046ae      0x18e cmake/stm32cubemx/CMakeFiles/STM32_Drivers.dir/__/__/Drivers/STM32F3xx_HAL_Driver/Src/stm32f3xx_hal_pcd.c.obj
                0x080046ae                HAL_PCD_Init
 .text.myprintf
                0x0800483c       0x4c CMakeFiles/Lab_07.dir/Core/Src/main.c.obj
                0x0800483c                myprintf
 .text.main     0x08004888       0x6c CMakeFiles/Lab_07.dir/Core/Src/main.c.obj
                0x08004888                main
 .text.SystemClock_Config
                0x080048f4       0xcc CMakeFiles/Lab_07.dir/Core/Src/main.c.obj
                0x080048f4                SystemClock_Config
 .text.MX_ADC1_Init
                0x080049c0       0xe0 CMakeFiles/Lab_07.dir/Core/Src/main.c.obj
 .text.MX_I2C1_Init
                0x08004aa0       0x80 CMakeFiles/Lab_07.dir/Core/Src/main.c.obj
 .text.HAL_ADC_ConvCpltCallback
                0x08004b20       0x60 CMakeFiles/Lab_07.dir/Core/Src/main.c.obj
                0x08004b20                HAL_ADC_ConvCpltCallback
 .text.MX_SPI1_Init
                0x08004b80       0x7c CMakeFiles/Lab_07.dir/Core/Src/main.c.obj
 .text.MX_USART2_UART_Init
                0x08004bfc       0x60 CMakeFiles/Lab_07.dir/Core/Src/main.c.obj
 .text.MX_USB_PCD_Init
                0x08004c5c       0x44 CMakeFiles/Lab_07.dir/Core/Src/main.c.obj
 .text.MX_GPIO_Init
                0x08004ca0       0xfc CMakeFiles/Lab_07.dir/Core/Src/main.c.obj
 .text.Error_Handler
                0x08004d9c        0xc CMakeFiles/Lab_07.dir/Core/Src/main.c.obj
                0x08004d9c                Error_Handler
 .text.NMI_Handler
                0x08004da8        0x8 CMakeFiles/Lab_07.dir/Core/Src/stm32f3xx_it.c.obj
                0x08004da8                NMI_Handler
 .text.HardFault_Handler
                0x08004db0        0x8 CMakeFiles/Lab_07.dir/Core/Src/stm32f3xx_it.c.obj
                0x08004db0                HardFault_Handler
 .text.MemManage_Handler
                0x08004db8        0x8 CMakeFiles/Lab_07.dir/Core/Src/stm32f3xx_it.c.obj
                0x08004db8                MemManage_Handler
 .text.BusFault_Handler
                0x08004dc0        0x8 CMakeFiles/Lab_07.dir/Core/Src/stm32f3xx_it.c.obj
                0x08004dc0                BusFault_Handler
 .text.UsageFault_Handler
                0x08004dc8        0x8 CMakeFiles/Lab_07.dir/Core/Src/stm32f3xx_it.c.obj
                0x08004dc8                UsageFault_Handler
 .text.SVC_Handler
                0x08004dd0        0xe CMakeFiles/Lab_07.dir/Core/Src/stm32f3xx_it.c.obj
                0x08004dd0                SVC_Handler
 .text.DebugMon_Handler
                0x08004dde        0xe CMakeFiles/Lab_07.dir/Core/Src/stm32f3xx_it.c.obj
                0x08004dde                DebugMon_Handler
 .text.PendSV_Handler
                0x08004dec        0xe CMakeFiles/Lab_07.dir/Core/Src/stm32f3xx_it.c.obj
                0x08004dec                PendSV_Handler
 .text.SysTick_Handler
                0x08004dfa        0xc CMakeFiles/Lab_07.dir/Core/Src/stm32f3xx_it.c.obj
                0x08004dfa                SysTick_Handler
 *fill*         0x08004e06        0x2 
 .text.ADC1_2_IRQHandler
                0x08004e08       0x14 CMakeFiles/Lab_07.dir/Core/Src/stm32f3xx_it.c.obj
                0x08004e08                ADC1_2_IRQHandler
 .text.HAL_MspInit
                0x08004e1c       0x48 CMakeFiles/Lab_07.dir/Core/Src/stm32f3xx_hal_msp.c.obj
                0x08004e1c                HAL_MspInit
 .text.HAL_ADC_MspInit
                0x08004e64       0x88 CMakeFiles/Lab_07.dir/Core/Src/stm32f3xx_hal_msp.c.obj
                0x08004e64                HAL_ADC_MspInit
 .text.HAL_I2C_MspInit
                0x08004eec       0x88 CMakeFiles/Lab_07.dir/Core/Src/stm32f3xx_hal_msp.c.obj
                0x08004eec                HAL_I2C_MspInit
 .text.HAL_SPI_MspInit
                0x08004f74       0x84 CMakeFiles/Lab_07.dir/Core/Src/stm32f3xx_hal_msp.c.obj
                0x08004f74                HAL_SPI_MspInit
 .text.HAL_UART_MspInit
                0x08004ff8       0x84 CMakeFiles/Lab_07.dir/Core/Src/stm32f3xx_hal_msp.c.obj
                0x08004ff8                HAL_UART_MspInit
 .text.HAL_PCD_MspInit
                0x0800507c       0x88 CMakeFiles/Lab_07.dir/Core/Src/stm32f3xx_hal_msp.c.obj
                0x0800507c                HAL_PCD_MspInit
 .text._sbrk    0x08005104       0x6c CMakeFiles/Lab_07.dir/Core/Src/sysmem.c.obj
                0x08005104                _sbrk
 .text.Reset_Handler
                0x08005170       0x50 CMakeFiles/Lab_07.dir/startup_stm32f303xc.s.obj
                0x08005170                Reset_Handler
 .text.Default_Handler
                0x080051c0        0x2 CMakeFiles/Lab_07.dir/startup_stm32f303xc.s.obj
                0x080051c0                RTC_Alarm_IRQHandler
                0x080051c0                TIM8_TRG_COM_IRQHandler
                0x080051c0                TIM8_CC_IRQHandler
                0x080051c0                TIM1_CC_IRQHandler
                0x080051c0                USB_HP_IRQHandler
                0x080051c0                PVD_IRQHandler
                0x080051c0                TAMP_STAMP_IRQHandler
                0x080051c0                EXTI3_IRQHandler
                0x080051c0                USB_HP_CAN_TX_IRQHandler
                0x080051c0                EXTI0_IRQHandler
                0x080051c0                I2C2_EV_IRQHandler
                0x080051c0                FPU_IRQHandler
                0x080051c0                TIM1_UP_TIM16_IRQHandler
                0x080051c0                SPI1_IRQHandler
                0x080051c0                CAN_SCE_IRQHandler
                0x080051c0                TIM6_DAC_IRQHandler
                0x080051c0                TIM8_UP_IRQHandler
                0x080051c0                DMA2_Channel2_IRQHandler
                0x080051c0                DMA1_Channel4_IRQHandler
                0x080051c0                USART3_IRQHandler
                0x080051c0                DMA1_Channel7_IRQHandler
                0x080051c0                UART5_IRQHandler
                0x080051c0                ADC3_IRQHandler
                0x080051c0                TIM4_IRQHandler
                0x080051c0                CAN_RX1_IRQHandler
                0x080051c0                DMA2_Channel1_IRQHandler
                0x080051c0                I2C1_EV_IRQHandler
                0x080051c0                DMA1_Channel6_IRQHandler
                0x080051c0                UART4_IRQHandler
                0x080051c0                DMA2_Channel4_IRQHandler
                0x080051c0                TIM3_IRQHandler
                0x080051c0                RCC_IRQHandler
                0x080051c0                DMA1_Channel1_IRQHandler
                0x080051c0                Default_Handler
                0x080051c0                USBWakeUp_RMP_IRQHandler
                0x080051c0                EXTI15_10_IRQHandler
                0x080051c0                TIM7_IRQHandler
                0x080051c0                EXTI9_5_IRQHandler
                0x080051c0                RTC_WKUP_IRQHandler
                0x080051c0                SPI2_IRQHandler
                0x080051c0                USB_LP_CAN_RX0_IRQHandler
                0x080051c0                DMA2_Channel5_IRQHandler
                0x080051c0                DMA1_Channel5_IRQHandler
                0x080051c0                USB_LP_IRQHandler
                0x080051c0                EXTI4_IRQHandler
                0x080051c0                TIM1_TRG_COM_TIM17_IRQHandler
                0x080051c0                DMA1_Channel3_IRQHandler
                0x080051c0                ADC4_IRQHandler
                0x080051c0                WWDG_IRQHandler
                0x080051c0                TIM2_IRQHandler
                0x080051c0                COMP7_IRQHandler
                0x080051c0                COMP1_2_3_IRQHandler
                0x080051c0                EXTI1_IRQHandler
                0x080051c0                USART2_IRQHandler
                0x080051c0                COMP4_5_6_IRQHandler
                0x080051c0                I2C2_ER_IRQHandler
                0x080051c0                DMA1_Channel2_IRQHandler
                0x080051c0                TIM8_BRK_IRQHandler
                0x080051c0                FLASH_IRQHandler
                0x080051c0                USART1_IRQHandler
                0x080051c0                SPI3_IRQHandler
                0x080051c0                I2C1_ER_IRQHandler
                0x080051c0                USBWakeUp_IRQHandler
                0x080051c0                DMA2_Channel3_IRQHandler
                0x080051c0                EXTI2_TSC_IRQHandler
                0x080051c0                TIM1_BRK_TIM15_IRQHandler
 .text._vsnprintf_r
                0x080051c2       0x5c /home/administrator/.local/share/stm32cube/bundles/gnu-tools-for-stm32/14.3.1+st.2/bin/../lib/gcc/arm-none-eabi/14.3.1/../../../../arm-none-eabi/lib/thumb/v7e-m+fp/hard/libg_nano.a(libc_a-vsnprintf.o)
                0x080051c2                _vsnprintf_r
                0x080051c2                _vsniprintf_r
 *fill*         0x0800521e        0x2 
 .text.vsnprintf
                0x08005220       0x1c /home/administrator/.local/share/stm32cube/bundles/gnu-tools-for-stm32/14.3.1+st.2/bin/../lib/gcc/arm-none-eabi/14.3.1/../../../../arm-none-eabi/lib/thumb/v7e-m+fp/hard/libg_nano.a(libc_a-vsnprintf.o)
                0x08005220                vsnprintf
                0x08005220                vsniprintf
 .text.__errno  0x0800523c        0xc /home/administrator/.local/share/stm32cube/bundles/gnu-tools-for-stm32/14.3.1+st.2/bin/../lib/gcc/arm-none-eabi/14.3.1/../../../../arm-none-eabi/lib/thumb/v7e-m+fp/hard/libg_nano.a(libc_a-errno.o)
                0x0800523c                __errno
 .text.__ssputs_r
                0x08005248       0xc0 /home/administrator/.local/share/stm32cube/bundles/gnu-tools-for-stm32/14.3.1+st.2/bin/../lib/gcc/arm-none-eabi/14.3.1/../../../../arm-none-eabi/lib/thumb/v7e-m+fp/hard/libg_nano.a(libc_a-nano-svfprintf.o)
                0x08005248                __ssputs_r
 .text._svfprintf_r
                0x08005308      0x1f0 /home/administrator/.local/share/stm32cube/bundles/gnu-tools-for-stm32/14.3.1+st.2/bin/../lib/gcc/arm-none-eabi/14.3.1/../../../../arm-none-eabi/lib/thumb/v7e-m+fp/hard/libg_nano.a(libc_a-nano-svfprintf.o)
                0x08005308                _svfprintf_r
                0x08005308                _svfiprintf_r
 .text._printf_common
                0x080054f8       0xda /home/administrator/.local/share/stm32cube/bundles/gnu-tools-for-stm32/14.3.1+st.2/bin/../lib/gcc/arm-none-eabi/14.3.1/../../../../arm-none-eabi/lib/thumb/v7e-m+fp/hard/libg_nano.a(libc_a-nano-vfprintf_i.o)
                0x080054f8                _printf_common
 *fill*         0x080055d2        0x2 
 .text._printf_i
                0x080055d4      0x24c /home/administrator/.local/share/stm32cube/bundles/gnu-tools-for-stm32/14.3.1+st.2/bin/../lib/gcc/arm-none-eabi/14.3.1/../../../../arm-none-eabi/lib/thumb/v7e-m+fp/hard/libg_nano.a(libc_a-nano-vfprintf_i.o)
                0x080055d4                _printf_i
 .text.memmove  0x08005820       0x32 /home/administrator/.local/share/stm32cube/bundles/gnu-tools-for-stm32/14.3.1+st.2/bin/../lib/gcc/arm-none-eabi/14.3.1/../../../../arm-none-eabi/lib/thumb/v7e-m+fp/hard/libg_nano.a(libc_a-memmove.o)
                0x08005820                memmove
 .text.memcpy   0x08005852       0x1c /home/administrator/.local/share/stm32cube/bundles/gnu-tools-for-stm32/14.3.1+st.2/bin/../lib/gcc/arm-none-eabi/14.3.1/../../../../arm-none-eabi/lib/thumb/v7e-m+fp/hard/libg_nano.a(libc_a-memcpy-stub.o)
                0x08005852                memcpy
 .text._realloc_r
                0x0800586e       0x5c /home/administrator/.local/share/stm32cube/bundles/gnu-tools-for-stm32/14.3.1+st.2/bin/../lib/gcc/arm-none-eabi/14.3.1/../../../../arm-none-eabi/lib/thumb/v7e-m+fp/hard/libg_nano.a(libc_a-reallocr.o)
                0x0800586e                _realloc_r
 .text._malloc_usable_size_r
                0x080058ca       0x10 /home/administrator/.local/share/stm32cube/bundles/gnu-tools-for-stm32/14.3.1+st.2/bin/../lib/gcc/arm-none-eabi/14.3.1/../../../../arm-none-eabi/lib/thumb/v7e-m+fp/hard/libg_nano.a(libc_a-msizer.o)
                0x080058ca                _malloc_usable_size_r
 *(.glue_7)
 .glue_7        0x080058da        0x0 linker stubs
 *(.glue_7t)
 .glue_7t       0x080058da        0x0 linker stubs
 *(.eh_frame)
 *fill*         0x080058da        0x2 
 .eh_frame      0x080058dc        0x0 /home/administrator/.local/share/stm32cube/bundles/gnu-tools-for-stm32/14.3.1+st.2/bin/../lib/gcc/arm-none-eabi/14.3.1/thumb/v7e-m+fp/hard/crtbegin.o
 *(.init)
 .init          0x080058dc        0x4 /home/administrator/.local/share/stm32cube/bundles/gnu-tools-for-stm32/14.3.1+st.2/bin/../lib/gcc/arm-none-eabi/14.3.1/thumb/v7e-m+fp/hard/crti.o
                0x080058dc                _init
 .init          0x080058e0        0x8 /home/administrator/.local/share/stm32cube/bundles/gnu-tools-for-stm32/14.3.1+st.2/bin/../lib/gcc/arm-none-eabi/14.3.1/thumb/v7e-m+fp/hard/crtn.o
 *(.fini)
 .fini          0x080058e8        0x4 /home/administrator/.local/share/stm32cube/bundles/gnu-tools-for-stm32/14.3.1+st.2/bin/../lib/gcc/arm-none-eabi/14.3.1/thumb/v7e-m+fp/hard/crti.o
                0x080058e8                _fini
 .fini          0x080058ec        0x8 /home/administrator/.local/share/stm32cube/bundles/gnu-tools-for-stm32/14.3.1+st.2/bin/../lib/gcc/arm-none-eabi/14.3.1/thumb/v7e-m+fp/hard/crtn.o
                0x080058f4                        . = ALIGN (0x4)
                0x080058f4                        _etext = .

.vfp11_veneer   0x080058f4        0x0
 .vfp11_veneer  0x080058f4        0x0 linker stubs

.v4_bx          0x080058f4        0x0
 .v4_bx         0x080058f4        0x0 linker stubs

.iplt           0x080058f4        0x0
 .iplt          0x080058f4        0x0 /home/administrator/.local/share/stm32cube/bundles/gnu-tools-for-stm32/14.3.1+st.2/bin/../lib/gcc/arm-none-eabi/14.3.1/thumb/v7e-m+fp/hard/crtbegin.o

.rodata         0x080058f4       0x80
                0x080058f4                        . = ALIGN (0x4)
 *(.rodata)
 .rodata        0x080058f4       0x13 CMakeFiles/Lab_07.dir/Core/Src/main.c.obj
 *(.rodata*)
 *fill*         0x08005907        0x1 
 .rodata.AHBPrescTable
                0x08005908       0x10 cmake/stm32cubemx/CMakeFiles/STM32_Drivers.dir/__/__/Core/Src/system_stm32f3xx.c.obj
                0x08005908                AHBPrescTable
 .rodata.APBPrescTable
                0x08005918        0x8 cmake/stm32cubemx/CMakeFiles/STM32_Drivers.dir/__/__/Core/Src/system_stm32f3xx.c.obj
                0x08005918                APBPrescTable
 .rodata.aPLLMULFactorTable
                0x08005920       0x10 cmake/stm32cubemx/CMakeFiles/STM32_Drivers.dir/__/__/Drivers/STM32F3xx_HAL_Driver/Src/stm32f3xx_hal_rcc.c.obj
 .rodata.aPredivFactorTable
                0x08005930       0x10 cmake/stm32cubemx/CMakeFiles/STM32_Drivers.dir/__/__/Drivers/STM32F3xx_HAL_Driver/Src/stm32f3xx_hal_rcc.c.obj
 .rodata._svfprintf_r.str1.1
                0x08005940       0x33 /home/administrator/.local/share/stm32cube/bundles/gnu-tools-for-stm32/14.3.1+st.2/bin/../lib/gcc/arm-none-eabi/14.3.1/../../../../arm-none-eabi/lib/thumb/v7e-m+fp/hard/libg_nano.a(libc_a-nano-svfprintf.o)
                                 0x11 (size before relaxing)
 .rodata._printf_i.str1.1
                0x08005973       0x22 /home/administrator/.local/share/stm32cube/bundles/gnu-tools-for-stm32/14.3.1+st.2/bin/../lib/gcc/arm-none-eabi/14.3.1/../../../../arm-none-eabi/lib/thumb/v7e-m+fp/hard/libg_nano.a(libc_a-nano-vfprintf_i.o)
                0x08005998                        . = ALIGN (0x4)
 *fill*         0x08005973        0x1 

.ARM.extab      0x08005974        0x0
                0x08005974                        . = ALIGN (0x4)
 *(.ARM.extab* .gnu.linkonce.armextab.*)
                0x08005974                        . = ALIGN (0x4)

.ARM            0x08005974        0x8
                0x08005974                        . = ALIGN (0x4)
                0x08005974                        __exidx_start = .
 *(.ARM.exidx*)
 .ARM.exidx     0x08005974        0x8 /home/administrator/.local/share/stm32cube/bundles/gnu-tools-for-stm32/14.3.1+st.2/bin/../lib/gcc/arm-none-eabi/14.3.1/../../../../arm-none-eabi/lib/thumb/v7e-m+fp/hard/libg_nano.a(libc_a-strlen.o)
 .ARM.exidx     0x0800597c        0x0 /home/administrator/.local/share/stm32cube/bundles/gnu-tools-for-stm32/14.3.1+st.2/bin/../lib/gcc/arm-none-eabi/14.3.1/../../../../arm-none-eabi/lib/thumb/v7e-m+fp/hard/libg_nano.a(libc_a-memchr.o)
                                  0x8 (size before relaxing)
                0x0800597c                        __exidx_end = .
                0x0800597c                        . = ALIGN (0x4)

.preinit_array  0x0800597c        0x0
                0x0800597c                        . = ALIGN (0x4)
                0x0800597c                        PROVIDE (__preinit_array_start = .)
 *(.preinit_array*)
                0x0800597c                        PROVIDE (__preinit_array_end = .)
                0x0800597c                        . = ALIGN (0x4)

.init_array     0x0800597c        0x4
                0x0800597c                        . = ALIGN (0x4)
                0x0800597c                        PROVIDE (__init_array_start = .)
 *(SORT_BY_NAME(.init_array.*))
 *(.init_array*)
 .init_array    0x0800597c        0x4 /home/administrator/.local/share/stm32cube/bundles/gnu-tools-for-stm32/14.3.1+st.2/bin/../lib/gcc/arm-none-eabi/14.3.1/thumb/v7e-m+fp/hard/crtbegin.o
                0x08005980                        PROVIDE (__init_array_end = .)
                0x08005980                        . = ALIGN (0x4)

.fini_array     0x08005980        0x4
                0x08005980                        . = ALIGN (0x4)
                [!provide]                        PROVIDE (__fini_array_start = .)
 *(SORT_BY_NAME(.fini_array.*))
 *(.fini_array*)
 .fini_array    0x08005980        0x4 /home/administrator/.local/share/stm32cube/bundles/gnu-tools-for-stm32/14.3.1+st.2/bin/../lib/gcc/arm-none-eabi/14.3.1/thumb/v7e-m+fp/hard/crtbegin.o
                [!provide]                        PROVIDE (__fini_array_end = .)
                0x08005984                        . = ALIGN (0x4)
                0x08005984                        _sidata = LOADADDR (.data)

.rel.dyn        0x08005984        0x0
 .rel.iplt      0x08005984        0x0 /home/administrator/.local/share/stm32cube/bundles/gnu-tools-for-stm32/14.3.1+st.2/bin/../lib/gcc/arm-none-eabi/14.3.1/thumb/v7e-m+fp/hard/crtbegin.o

.data           0x20000000       0x5c load address 0x08005984
                0x20000000                        . = ALIGN (0x4)
                0x20000000                        _sdata = .
 *(.data)
 *(.data*)
 .data._impure_ptr
                0x20000000        0x4 /home/administrator/.local/share/stm32cube/bundles/gnu-tools-for-stm32/14.3.1+st.2/bin/../lib/gcc/arm-none-eabi/14.3.1/../../../../arm-none-eabi/lib/thumb/v7e-m+fp/hard/libc_nano.a(libc_a-impure.o)
                0x20000000                _impure_ptr
 .data._impure_data
                0x20000004       0x4c /home/administrator/.local/share/stm32cube/bundles/gnu-tools-for-stm32/14.3.1+st.2/bin/../lib/gcc/arm-none-eabi/14.3.1/../../../../arm-none-eabi/lib/thumb/v7e-m+fp/hard/libc_nano.a(libc_a-impure.o)
                0x20000004                _impure_data
 .data.SystemCoreClock
                0x20000050        0x4 cmake/stm32cubemx/CMakeFiles/STM32_Drivers.dir/__/__/Core/Src/system_stm32f3xx.c.obj
                0x20000050                SystemCoreClock
 .data.uwTickPrio
                0x20000054        0x4 cmake/stm32cubemx/CMakeFiles/STM32_Drivers.dir/__/__/Drivers/STM32F3xx_HAL_Driver/Src/stm32f3xx_hal.c.obj
                0x20000054                uwTickPrio
 .data.uwTickFreq
                0x20000058        0x1 cmake/stm32cubemx/CMakeFiles/STM32_Drivers.dir/__/__/Drivers/STM32F3xx_HAL_Driver/Src/stm32f3xx_hal.c.obj
                0x20000058                uwTickFreq
 *(.RamFunc)
 *(.RamFunc*)
                0x2000005c                        . = ALIGN (0x4)
 *fill*         0x20000059        0x3 
                0x2000005c                        _edata = .
                0x080059e0                        _siccmram = LOADADDR (.ccmram)

.igot.plt       0x2000005c        0x0 load address 0x080059e0
 .igot.plt      0x2000005c        0x0 /home/administrator/.local/share/stm32cube/bundles/gnu-tools-for-stm32/14.3.1+st.2/bin/../lib/gcc/arm-none-eabi/14.3.1/thumb/v7e-m+fp/hard/crtbegin.o

.ccmram         0x10000000        0x0 load address 0x080059e0
                0x10000000                        . = ALIGN (0x4)
                0x10000000                        _sccmram = .
 *(.ccmram)
 *(.ccmram*)
                0x10000000                        . = ALIGN (0x4)
                0x10000000                        _eccmram = .
                0x10000000                        . = ALIGN (0x4)

.bss            0x2000005c      0x5d8
                0x2000005c                        _sbss = .
                0x2000005c                        __bss_start__ = _sbss
 *(.bss)
 .bss           0x2000005c       0x1c /home/administrator/.local/share/stm32cube/bundles/gnu-tools-for-stm32/14.3.1+st.2/bin/../lib/gcc/arm-none-eabi/14.3.1/thumb/v7e-m+fp/hard/crtbegin.o
 *(.bss*)
 .bss.__sf      0x20000078      0x138 /home/administrator/.local/share/stm32cube/bundles/gnu-tools-for-stm32/14.3.1+st.2/bin/../lib/gcc/arm-none-eabi/14.3.1/../../../../arm-none-eabi/lib/thumb/v7e-m+fp/hard/libc_nano.a(libc_a-findfp.o)
                0x20000078                __sf
 .bss.errno     0x200001b0        0x4 /home/administrator/.local/share/stm32cube/bundles/gnu-tools-for-stm32/14.3.1+st.2/bin/../lib/gcc/arm-none-eabi/14.3.1/../../../../arm-none-eabi/lib/thumb/v7e-m+fp/hard/libc_nano.a(libc_a-reent.o)
                0x200001b0                errno
 .bss.__lock___malloc_recursive_mutex
                0x200001b4        0x1 /home/administrator/.local/share/stm32cube/bundles/gnu-tools-for-stm32/14.3.1+st.2/bin/../lib/gcc/arm-none-eabi/14.3.1/../../../../arm-none-eabi/lib/thumb/v7e-m+fp/hard/libc_nano.a(libc_a-lock.o)
                0x200001b4                __lock___malloc_recursive_mutex
 *fill*         0x200001b5        0x3 
 .bss.__malloc_sbrk_start
                0x200001b8        0x4 /home/administrator/.local/share/stm32cube/bundles/gnu-tools-for-stm32/14.3.1+st.2/bin/../lib/gcc/arm-none-eabi/14.3.1/../../../../arm-none-eabi/lib/thumb/v7e-m+fp/hard/libc_nano.a(libc_a-mallocr.o)
                0x200001b8                __malloc_sbrk_start
 .bss.__malloc_free_list
                0x200001bc        0x4 /home/administrator/.local/share/stm32cube/bundles/gnu-tools-for-stm32/14.3.1+st.2/bin/../lib/gcc/arm-none-eabi/14.3.1/../../../../arm-none-eabi/lib/thumb/v7e-m+fp/hard/libc_nano.a(libc_a-mallocr.o)
                0x200001bc                __malloc_free_list
 .bss.uwTick    0x200001c0        0x4 cmake/stm32cubemx/CMakeFiles/STM32_Drivers.dir/__/__/Drivers/STM32F3xx_HAL_Driver/Src/stm32f3xx_hal.c.obj
                0x200001c0                uwTick
 .bss.hadc1     0x200001c4       0x50 CMakeFiles/Lab_07.dir/Core/Src/main.c.obj
                0x200001c4                hadc1
 .bss.hi2c1     0x20000214       0x54 CMakeFiles/Lab_07.dir/Core/Src/main.c.obj
                0x20000214                hi2c1
 .bss.hspi1     0x20000268       0x64 CMakeFiles/Lab_07.dir/Core/Src/main.c.obj
                0x20000268                hspi1
 .bss.huart2    0x200002cc       0x88 CMakeFiles/Lab_07.dir/Core/Src/main.c.obj
                0x200002cc                huart2
 .bss.hpcd_USB_FS
                0x20000354      0x2d4 CMakeFiles/Lab_07.dir/Core/Src/main.c.obj
                0x20000354                hpcd_USB_FS
 .bss.adc_raw   0x20000628        0x2 CMakeFiles/Lab_07.dir/Core/Src/main.c.obj
                0x20000628                adc_raw
 .bss.adc_ready
                0x2000062a        0x1 CMakeFiles/Lab_07.dir/Core/Src/main.c.obj
                0x2000062a                adc_ready
 *fill*         0x2000062b        0x1 
 .bss.vin_mv    0x2000062c        0x4 CMakeFiles/Lab_07.dir/Core/Src/main.c.obj
                0x2000062c                vin_mv
 .bss.__sbrk_heap_end
                0x20000630        0x4 CMakeFiles/Lab_07.dir/Core/Src/sysmem.c.obj
 *(COMMON)
                0x20000634                        . = ALIGN (0x4)
                0x20000634                        _ebss = .
                0x20000634                        __bss_end__ = _ebss

._user_heap_stack
                0x20000634      0x604
                0x20000638                        . = ALIGN (0x8)
 *fill*         0x20000634        0x4 
                [!provide]                        PROVIDE (end = .)
                0x20000638                        PROVIDE (_end = .)
                0x20000838                        . = (. + _Min_Heap_Size)
 *fill*         0x20000638      0x200 
                0x20000c38                        . = (. + _Min_Stack_Size)
 *fill*         0x20000838      0x400 
                0x20000c38                        . = ALIGN (0x8)

/DISCARD/
 libc.a(*)
 libm.a(*)
 libgcc.a(*)
OUTPUT(Lab_07.elf elf32-littlearm)
LOAD linker stubs
LOAD /home/administrator/.local/share/stm32cube/bundles/gnu-tools-for-stm32/14.3.1+st.2/bin/../lib/gcc/arm-none-eabi/14.3.1/../../../../arm-none-eabi/lib/thumb/v7e-m+fp/hard/libc.a
LOAD /home/administrator/.local/share/stm32cube/bundles/gnu-tools-for-stm32/14.3.1+st.2/bin/../lib/gcc/arm-none-eabi/14.3.1/../../../../arm-none-eabi/lib/thumb/v7e-m+fp/hard/libm.a
LOAD /home/administrator/.local/share/stm32cube/bundles/gnu-tools-for-stm32/14.3.1+st.2/bin/../lib/gcc/arm-none-eabi/14.3.1/thumb/v7e-m+fp/hard/libgcc.a

.ARM.attributes
                0x00000000       0x30
 .ARM.attributes
                0x00000000       0x22 /home/administrator/.local/share/stm32cube/bundles/gnu-tools-for-stm32/14.3.1+st.2/bin/../lib/gcc/arm-none-eabi/14.3.1/thumb/v7e-m+fp/hard/crti.o
 .ARM.attributes
                0x00000022       0x34 /home/administrator/.local/share/stm32cube/bundles/gnu-tools-for-stm32/14.3.1+st.2/bin/../lib/gcc/arm-none-eabi/14.3.1/thumb/v7e-m+fp/hard/crtbegin.o
 .ARM.attributes
                0x00000056       0x34 /home/administrator/.local/share/stm32cube/bundles/gnu-tools-for-stm32/14.3.1+st.2/bin/../lib/gcc/arm-none-eabi/14.3.1/../../../../arm-none-eabi/lib/thumb/v7e-m+fp/hard/libc_nano.a(libc_a-findfp.o)
 .ARM.attributes
                0x0000008a       0x34 /home/administrator/.local/share/stm32cube/bundles/gnu-tools-for-stm32/14.3.1+st.2/bin/../lib/gcc/arm-none-eabi/14.3.1/../../../../arm-none-eabi/lib/thumb/v7e-m+fp/hard/libc_nano.a(libc_a-memset.o)
 .ARM.attributes
                0x000000be       0x34 /home/administrator/.local/share/stm32cube/bundles/gnu-tools-for-stm32/14.3.1+st.2/bin/../lib/gcc/arm-none-eabi/14.3.1/../../../../arm-none-eabi/lib/thumb/v7e-m+fp/hard/libc_nano.a(libc_a-reent.o)
 .ARM.attributes
                0x000000f2       0x34 /home/administrator/.local/share/stm32cube/bundles/gnu-tools-for-stm32/14.3.1+st.2/bin/../lib/gcc/arm-none-eabi/14.3.1/../../../../arm-none-eabi/lib/thumb/v7e-m+fp/hard/libc_nano.a(libc_a-impure.o)
 .ARM.attributes
                0x00000126       0x34 /home/administrator/.local/share/stm32cube/bundles/gnu-tools-for-stm32/14.3.1+st.2/bin/../lib/gcc/arm-none-eabi/14.3.1/../../../../arm-none-eabi/lib/thumb/v7e-m+fp/hard/libc_nano.a(libc_a-init.o)
 .ARM.attributes
                0x0000015a       0x34 /home/administrator/.local/share/stm32cube/bundles/gnu-tools-for-stm32/14.3.1+st.2/bin/../lib/gcc/arm-none-eabi/14.3.1/../../../../arm-none-eabi/lib/thumb/v7e-m+fp/hard/libc_nano.a(libc_a-lock.o)
 .ARM.attributes
                0x0000018e       0x34 /home/administrator/.local/share/stm32cube/bundles/gnu-tools-for-stm32/14.3.1+st.2/bin/../lib/gcc/arm-none-eabi/14.3.1/../../../../arm-none-eabi/lib/thumb/v7e-m+fp/hard/libc_nano.a(libc_a-freer.o)
 .ARM.attributes
                0x000001c2       0x34 /home/administrator/.local/share/stm32cube/bundles/gnu-tools-for-stm32/14.3.1+st.2/bin/../lib/gcc/arm-none-eabi/14.3.1/../../../../arm-none-eabi/lib/thumb/v7e-m+fp/hard/libc_nano.a(libc_a-mallocr.o)
 .ARM.attributes
                0x000001f6       0x34 /home/administrator/.local/share/stm32cube/bundles/gnu-tools-for-stm32/14.3.1+st.2/bin/../lib/gcc/arm-none-eabi/14.3.1/../../../../arm-none-eabi/lib/thumb/v7e-m+fp/hard/libc_nano.a(libc_a-mlock.o)
 .ARM.attributes
                0x0000022a       0x34 /home/administrator/.local/share/stm32cube/bundles/gnu-tools-for-stm32/14.3.1+st.2/bin/../lib/gcc/arm-none-eabi/14.3.1/../../../../arm-none-eabi/lib/thumb/v7e-m+fp/hard/libc_nano.a(libc_a-sbrkr.o)
 .ARM.attributes
                0x0000025e       0x34 cmake/stm32cubemx/CMakeFiles/STM32_Drivers.dir/__/__/Core/Src/system_stm32f3xx.c.obj
 .ARM.attributes
                0x00000292       0x34 cmake/stm32cubemx/CMakeFiles/STM32_Drivers.dir/__/__/Drivers/STM32F3xx_HAL_Driver/Src/stm32f3xx_ll_usb.c.obj
 .ARM.attributes
                0x000002c6       0x34 cmake/stm32cubemx/CMakeFiles/STM32_Drivers.dir/__/__/Drivers/STM32F3xx_HAL_Driver/Src/stm32f3xx_hal_adc.c.obj
 .ARM.attributes
                0x000002fa       0x34 cmake/stm32cubemx/CMakeFiles/STM32_Drivers.dir/__/__/Drivers/STM32F3xx_HAL_Driver/Src/stm32f3xx_hal_adc_ex.c.obj
 .ARM.attributes
                0x0000032e       0x34 cmake/stm32cubemx/CMakeFiles/STM32_Drivers.dir/__/__/Drivers/STM32F3xx_HAL_Driver/Src/stm32f3xx_hal.c.obj
 .ARM.attributes
                0x00000362       0x34 cmake/stm32cubemx/CMakeFiles/STM32_Drivers.dir/__/__/Drivers/STM32F3xx_HAL_Driver/Src/stm32f3xx_hal_rcc.c.obj
 .ARM.attributes
                0x00000396       0x34 cmake/stm32cubemx/CMakeFiles/STM32_Drivers.dir/__/__/Drivers/STM32F3xx_HAL_Driver/Src/stm32f3xx_hal_rcc_ex.c.obj
 .ARM.attributes
                0x000003ca       0x34 cmake/stm32cubemx/CMakeFiles/STM32_Drivers.dir/__/__/Drivers/STM32F3xx_HAL_Driver/Src/stm32f3xx_hal_gpio.c.obj
 .ARM.attributes
                0x000003fe       0x34 cmake/stm32cubemx/CMakeFiles/STM32_Drivers.dir/__/__/Drivers/STM32F3xx_HAL_Driver/Src/stm32f3xx_hal_cortex.c.obj
 .ARM.attributes
                0x00000432       0x34 cmake/stm32cubemx/CMakeFiles/STM32_Drivers.dir/__/__/Drivers/STM32F3xx_HAL_Driver/Src/stm32f3xx_hal_i2c.c.obj
 .ARM.attributes
                0x00000466       0x34 cmake/stm32cubemx/CMakeFiles/STM32_Drivers.dir/__/__/Drivers/STM32F3xx_HAL_Driver/Src/stm32f3xx_hal_i2c_ex.c.obj
 .ARM.attributes
                0x0000049a       0x34 cmake/stm32cubemx/CMakeFiles/STM32_Drivers.dir/__/__/Drivers/STM32F3xx_HAL_Driver/Src/stm32f3xx_hal_spi.c.obj
 .ARM.attributes
                0x000004ce       0x34 cmake/stm32cubemx/CMakeFiles/STM32_Drivers.dir/__/__/Drivers/STM32F3xx_HAL_Driver/Src/stm32f3xx_hal_uart.c.obj
 .ARM.attributes
                0x00000502       0x34 cmake/stm32cubemx/CMakeFiles/STM32_Drivers.dir/__/__/Drivers/STM32F3xx_HAL_Driver/Src/stm32f3xx_hal_pcd.c.obj
 .ARM.attributes
                0x00000536       0x34 CMakeFiles/Lab_07.dir/Core/Src/main.c.obj
 .ARM.attributes
                0x0000056a       0x34 CMakeFiles/Lab_07.dir/Core/Src/stm32f3xx_it.c.obj
 .ARM.attributes
                0x0000059e       0x34 CMakeFiles/Lab_07.dir/Core/Src/stm32f3xx_hal_msp.c.obj
 .ARM.attributes
                0x000005d2       0x34 CMakeFiles/Lab_07.dir/Core/Src/sysmem.c.obj
 .ARM.attributes
                0x00000606       0x21 CMakeFiles/Lab_07.dir/startup_stm32f303xc.s.obj
 .ARM.attributes
                0x00000627       0x34 /home/administrator/.local/share/stm32cube/bundles/gnu-tools-for-stm32/14.3.1+st.2/bin/../lib/gcc/arm-none-eabi/14.3.1/../../../../arm-none-eabi/lib/thumb/v7e-m+fp/hard/libg_nano.a(libc_a-vsnprintf.o)
 .ARM.attributes
                0x0000065b       0x34 /home/administrator/.local/share/stm32cube/bundles/gnu-tools-for-stm32/14.3.1+st.2/bin/../lib/gcc/arm-none-eabi/14.3.1/../../../../arm-none-eabi/lib/thumb/v7e-m+fp/hard/libg_nano.a(libc_a-errno.o)
 .ARM.attributes
                0x0000068f       0x17 /home/administrator/.local/share/stm32cube/bundles/gnu-tools-for-stm32/14.3.1+st.2/bin/../lib/gcc/arm-none-eabi/14.3.1/../../../../arm-none-eabi/lib/thumb/v7e-m+fp/hard/libg_nano.a(libc_a-strlen.o)
 .ARM.attributes
                0x000006a6       0x34 /home/administrator/.local/share/stm32cube/bundles/gnu-tools-for-stm32/14.3.1+st.2/bin/../lib/gcc/arm-none-eabi/14.3.1/../../../../arm-none-eabi/lib/thumb/v7e-m+fp/hard/libg_nano.a(libc_a-nano-svfprintf.o)
 .ARM.attributes
                0x000006da       0x34 /home/administrator/.local/share/stm32cube/bundles/gnu-tools-for-stm32/14.3.1+st.2/bin/../lib/gcc/arm-none-eabi/14.3.1/../../../../arm-none-eabi/lib/thumb/v7e-m+fp/hard/libg_nano.a(libc_a-nano-vfprintf_i.o)
 .ARM.attributes
                0x0000070e       0x34 /home/administrator/.local/share/stm32cube/bundles/gnu-tools-for-stm32/14.3.1+st.2/bin/../lib/gcc/arm-none-eabi/14.3.1/../../../../arm-none-eabi/lib/thumb/v7e-m+fp/hard/libg_nano.a(libc_a-memmove.o)
 .ARM.attributes
                0x00000742       0x1c /home/administrator/.local/share/stm32cube/bundles/gnu-tools-for-stm32/14.3.1+st.2/bin/../lib/gcc/arm-none-eabi/14.3.1/../../../../arm-none-eabi/lib/thumb/v7e-m+fp/hard/libg_nano.a(libc_a-memchr.o)
 .ARM.attributes
                0x0000075e       0x34 /home/administrator/.local/share/stm32cube/bundles/gnu-tools-for-stm32/14.3.1+st.2/bin/../lib/gcc/arm-none-eabi/14.3.1/../../../../arm-none-eabi/lib/thumb/v7e-m+fp/hard/libg_nano.a(libc_a-memcpy-stub.o)
 .ARM.attributes
                0x00000792       0x34 /home/administrator/.local/share/stm32cube/bundles/gnu-tools-for-stm32/14.3.1+st.2/bin/../lib/gcc/arm-none-eabi/14.3.1/../../../../arm-none-eabi/lib/thumb/v7e-m+fp/hard/libg_nano.a(libc_a-reallocr.o)
 .ARM.attributes
                0x000007c6       0x34 /home/administrator/.local/share/stm32cube/bundles/gnu-tools-for-stm32/14.3.1+st.2/bin/../lib/gcc/arm-none-eabi/14.3.1/../../../../arm-none-eabi/lib/thumb/v7e-m+fp/hard/libg_nano.a(libc_a-msizer.o)
 .ARM.attributes
                0x000007fa       0x22 /home/administrator/.local/share/stm32cube/bundles/gnu-tools-for-stm32/14.3.1+st.2/bin/../lib/gcc/arm-none-eabi/14.3.1/thumb/v7e-m+fp/hard/crtn.o

.comment        0x00000000       0x43
 .comment       0x00000000       0x43 cmake/stm32cubemx/CMakeFiles/STM32_Drivers.dir/__/__/Core/Src/system_stm32f3xx.c.obj
                                 0x44 (size before relaxing)
 .comment       0x00000043       0x44 cmake/stm32cubemx/CMakeFiles/STM32_Drivers.dir/__/__/Drivers/STM32F3xx_HAL_Driver/Src/stm32f3xx_ll_usb.c.obj
 .comment       0x00000043       0x44 cmake/stm32cubemx/CMakeFiles/STM32_Drivers.dir/__/__/Drivers/STM32F3xx_HAL_Driver/Src/stm32f3xx_hal_adc.c.obj
 .comment       0x00000043       0x44 cmake/stm32cubemx/CMakeFiles/STM32_Drivers.dir/__/__/Drivers/STM32F3xx_HAL_Driver/Src/stm32f3xx_hal_adc_ex.c.obj
 .comment       0x00000043       0x44 cmake/stm32cubemx/CMakeFiles/STM32_Drivers.dir/__/__/Drivers/STM32F3xx_HAL_Driver/Src/stm32f3xx_hal.c.obj
 .comment       0x00000043       0x44 cmake/stm32cubemx/CMakeFiles/STM32_Drivers.dir/__/__/Drivers/STM32F3xx_HAL_Driver/Src/stm32f3xx_hal_rcc.c.obj
 .comment       0x00000043       0x44 cmake/stm32cubemx/CMakeFiles/STM32_Drivers.dir/__/__/Drivers/STM32F3xx_HAL_Driver/Src/stm32f3xx_hal_rcc_ex.c.obj
 .comment       0x00000043       0x44 cmake/stm32cubemx/CMakeFiles/STM32_Drivers.dir/__/__/Drivers/STM32F3xx_HAL_Driver/Src/stm32f3xx_hal_gpio.c.obj
 .comment       0x00000043       0x44 cmake/stm32cubemx/CMakeFiles/STM32_Drivers.dir/__/__/Drivers/STM32F3xx_HAL_Driver/Src/stm32f3xx_hal_cortex.c.obj
 .comment       0x00000043       0x44 cmake/stm32cubemx/CMakeFiles/STM32_Drivers.dir/__/__/Drivers/STM32F3xx_HAL_Driver/Src/stm32f3xx_hal_i2c.c.obj
 .comment       0x00000043       0x44 cmake/stm32cubemx/CMakeFiles/STM32_Drivers.dir/__/__/Drivers/STM32F3xx_HAL_Driver/Src/stm32f3xx_hal_i2c_ex.c.obj
 .comment       0x00000043       0x44 cmake/stm32cubemx/CMakeFiles/STM32_Drivers.dir/__/__/Drivers/STM32F3xx_HAL_Driver/Src/stm32f3xx_hal_spi.c.obj
 .comment       0x00000043       0x44 cmake/stm32cubemx/CMakeFiles/STM32_Drivers.dir/__/__/Drivers/STM32F3xx_HAL_Driver/Src/stm32f3xx_hal_uart.c.obj
 .comment       0x00000043       0x44 cmake/stm32cubemx/CMakeFiles/STM32_Drivers.dir/__/__/Drivers/STM32F3xx_HAL_Driver/Src/stm32f3xx_hal_pcd.c.obj
 .comment       0x00000043       0x44 CMakeFiles/Lab_07.dir/Core/Src/main.c.obj
 .comment       0x00000043       0x44 CMakeFiles/Lab_07.dir/Core/Src/stm32f3xx_it.c.obj
 .comment       0x00000043       0x44 CMakeFiles/Lab_07.dir/Core/Src/stm32f3xx_hal_msp.c.obj
 .comment       0x00000043       0x44 CMakeFiles/Lab_07.dir/Core/Src/sysmem.c.obj
 .comment       0x00000043       0x44 /home/administrator/.local/share/stm32cube/bundles/gnu-tools-for-stm32/14.3.1+st.2/bin/../lib/gcc/arm-none-eabi/14.3.1/../../../../arm-none-eabi/lib/thumb/v7e-m+fp/hard/libg_nano.a(libc_a-vsnprintf.o)
 .comment       0x00000043       0x44 /home/administrator/.local/share/stm32cube/bundles/gnu-tools-for-stm32/14.3.1+st.2/bin/../lib/gcc/arm-none-eabi/14.3.1/../../../../arm-none-eabi/lib/thumb/v7e-m+fp/hard/libg_nano.a(libc_a-errno.o)
 .comment       0x00000043       0x44 /home/administrator/.local/share/stm32cube/bundles/gnu-tools-for-stm32/14.3.1+st.2/bin/../lib/gcc/arm-none-eabi/14.3.1/../../../../arm-none-eabi/lib/thumb/v7e-m+fp/hard/libg_nano.a(libc_a-nano-svfprintf.o)
 .comment       0x00000043       0x44 /home/administrator/.local/share/stm32cube/bundles/gnu-tools-for-stm32/14.3.1+st.2/bin/../lib/gcc/arm-none-eabi/14.3.1/../../../../arm-none-eabi/lib/thumb/v7e-m+fp/hard/libg_nano.a(libc_a-nano-vfprintf_i.o)
 .comment       0x00000043       0x44 /home/administrator/.local/share/stm32cube/bundles/gnu-tools-for-stm32/14.3.1+st.2/bin/../lib/gcc/arm-none-eabi/14.3.1/../../../../arm-none-eabi/lib/thumb/v7e-m+fp/hard/libg_nano.a(libc_a-memmove.o)
 .comment       0x00000043       0x44 /home/administrator/.local/share/stm32cube/bundles/gnu-tools-for-stm32/14.3.1+st.2/bin/../lib/gcc/arm-none-eabi/14.3.1/../../../../arm-none-eabi/lib/thumb/v7e-m+fp/hard/libg_nano.a(libc_a-memcpy-stub.o)
 .comment       0x00000043       0x44 /home/administrator/.local/share/stm32cube/bundles/gnu-tools-for-stm32/14.3.1+st.2/bin/../lib/gcc/arm-none-eabi/14.3.1/../../../../arm-none-eabi/lib/thumb/v7e-m+fp/hard/libg_nano.a(libc_a-reallocr.o)
 .comment       0x00000043       0x44 /home/administrator/.local/share/stm32cube/bundles/gnu-tools-for-stm32/14.3.1+st.2/bin/../lib/gcc/arm-none-eabi/14.3.1/../../../../arm-none-eabi/lib/thumb/v7e-m+fp/hard/libg_nano.a(libc_a-msizer.o)

.debug_frame    0x00000000     0x45f0
 .debug_frame   0x00000000      0x144 /home/administrator/.local/share/stm32cube/bundles/gnu-tools-for-stm32/14.3.1+st.2/bin/../lib/gcc/arm-none-eabi/14.3.1/../../../../arm-none-eabi/lib/thumb/v7e-m+fp/hard/libc_nano.a(libc_a-findfp.o)
 .debug_frame   0x00000144       0x20 /home/administrator/.local/share/stm32cube/bundles/gnu-tools-for-stm32/14.3.1+st.2/bin/../lib/gcc/arm-none-eabi/14.3.1/../../../../arm-none-eabi/lib/thumb/v7e-m+fp/hard/libc_nano.a(libc_a-memset.o)
 .debug_frame   0x00000164       0x38 /home/administrator/.local/share/stm32cube/bundles/gnu-tools-for-stm32/14.3.1+st.2/bin/../lib/gcc/arm-none-eabi/14.3.1/../../../../arm-none-eabi/lib/thumb/v7e-m+fp/hard/libc_nano.a(libc_a-reent.o)
 .debug_frame   0x0000019c       0x2c /home/administrator/.local/share/stm32cube/bundles/gnu-tools-for-stm32/14.3.1+st.2/bin/../lib/gcc/arm-none-eabi/14.3.1/../../../../arm-none-eabi/lib/thumb/v7e-m+fp/hard/libc_nano.a(libc_a-init.o)
 .debug_frame   0x000001c8       0xb0 /home/administrator/.local/share/stm32cube/bundles/gnu-tools-for-stm32/14.3.1+st.2/bin/../lib/gcc/arm-none-eabi/14.3.1/../../../../arm-none-eabi/lib/thumb/v7e-m+fp/hard/libc_nano.a(libc_a-lock.o)
 .debug_frame   0x00000278       0x38 /home/administrator/.local/share/stm32cube/bundles/gnu-tools-for-stm32/14.3.1+st.2/bin/../lib/gcc/arm-none-eabi/14.3.1/../../../../arm-none-eabi/lib/thumb/v7e-m+fp/hard/libc_nano.a(libc_a-freer.o)
 .debug_frame   0x000002b0       0x50 /home/administrator/.local/share/stm32cube/bundles/gnu-tools-for-stm32/14.3.1+st.2/bin/../lib/gcc/arm-none-eabi/14.3.1/../../../../arm-none-eabi/lib/thumb/v7e-m+fp/hard/libc_nano.a(libc_a-mallocr.o)
 .debug_frame   0x00000300       0x30 /home/administrator/.local/share/stm32cube/bundles/gnu-tools-for-stm32/14.3.1+st.2/bin/../lib/gcc/arm-none-eabi/14.3.1/../../../../arm-none-eabi/lib/thumb/v7e-m+fp/hard/libc_nano.a(libc_a-mlock.o)
 .debug_frame   0x00000330       0x2c /home/administrator/.local/share/stm32cube/bundles/gnu-tools-for-stm32/14.3.1+st.2/bin/../lib/gcc/arm-none-eabi/14.3.1/../../../../arm-none-eabi/lib/thumb/v7e-m+fp/hard/libc_nano.a(libc_a-sbrkr.o)
 .debug_frame   0x0000035c       0x50 cmake/stm32cubemx/CMakeFiles/STM32_Drivers.dir/__/__/Core/Src/system_stm32f3xx.c.obj
 .debug_frame   0x000003ac      0x32c cmake/stm32cubemx/CMakeFiles/STM32_Drivers.dir/__/__/Drivers/STM32F3xx_HAL_Driver/Src/stm32f3xx_ll_usb.c.obj
 .debug_frame   0x000006d8      0x328 cmake/stm32cubemx/CMakeFiles/STM32_Drivers.dir/__/__/Drivers/STM32F3xx_HAL_Driver/Src/stm32f3xx_hal_adc.c.obj
 .debug_frame   0x00000a00      0x610 cmake/stm32cubemx/CMakeFiles/STM32_Drivers.dir/__/__/Drivers/STM32F3xx_HAL_Driver/Src/stm32f3xx_hal_adc_ex.c.obj
 .debug_frame   0x00001010      0x2e4 cmake/stm32cubemx/CMakeFiles/STM32_Drivers.dir/__/__/Drivers/STM32F3xx_HAL_Driver/Src/stm32f3xx_hal.c.obj
 .debug_frame   0x000012f4      0x1f8 cmake/stm32cubemx/CMakeFiles/STM32_Drivers.dir/__/__/Drivers/STM32F3xx_HAL_Driver/Src/stm32f3xx_hal_rcc.c.obj
 .debug_frame   0x000014ec       0xa8 cmake/stm32cubemx/CMakeFiles/STM32_Drivers.dir/__/__/Drivers/STM32F3xx_HAL_Driver/Src/stm32f3xx_hal_rcc_ex.c.obj
 .debug_frame   0x00001594      0x130 cmake/stm32cubemx/CMakeFiles/STM32_Drivers.dir/__/__/Drivers/STM32F3xx_HAL_Driver/Src/stm32f3xx_hal_gpio.c.obj
 .debug_frame   0x000016c4      0x49c cmake/stm32cubemx/CMakeFiles/STM32_Drivers.dir/__/__/Drivers/STM32F3xx_HAL_Driver/Src/stm32f3xx_hal_cortex.c.obj
 .debug_frame   0x00001b60      0xbe8 cmake/stm32cubemx/CMakeFiles/STM32_Drivers.dir/__/__/Drivers/STM32F3xx_HAL_Driver/Src/stm32f3xx_hal_i2c.c.obj
 .debug_frame   0x00002748       0xe8 cmake/stm32cubemx/CMakeFiles/STM32_Drivers.dir/__/__/Drivers/STM32F3xx_HAL_Driver/Src/stm32f3xx_hal_i2c_ex.c.obj
 .debug_frame   0x00002830      0x820 cmake/stm32cubemx/CMakeFiles/STM32_Drivers.dir/__/__/Drivers/STM32F3xx_HAL_Driver/Src/stm32f3xx_hal_spi.c.obj
 .debug_frame   0x00003050      0x974 cmake/stm32cubemx/CMakeFiles/STM32_Drivers.dir/__/__/Drivers/STM32F3xx_HAL_Driver/Src/stm32f3xx_hal_uart.c.obj
 .debug_frame   0x000039c4      0x550 cmake/stm32cubemx/CMakeFiles/STM32_Drivers.dir/__/__/Drivers/STM32F3xx_HAL_Driver/Src/stm32f3xx_hal_pcd.c.obj
 .debug_frame   0x00003f14      0x184 CMakeFiles/Lab_07.dir/Core/Src/main.c.obj
 .debug_frame   0x00004098      0x114 CMakeFiles/Lab_07.dir/Core/Src/stm32f3xx_it.c.obj
 .debug_frame   0x000041ac      0x19c CMakeFiles/Lab_07.dir/Core/Src/stm32f3xx_hal_msp.c.obj
 .debug_frame   0x00004348       0x34 CMakeFiles/Lab_07.dir/Core/Src/sysmem.c.obj
 .debug_frame   0x0000437c       0x4c /home/administrator/.local/share/stm32cube/bundles/gnu-tools-for-stm32/14.3.1+st.2/bin/../lib/gcc/arm-none-eabi/14.3.1/../../../../arm-none-eabi/lib/thumb/v7e-m+fp/hard/libg_nano.a(libc_a-vsnprintf.o)
 .debug_frame   0x000043c8       0x20 /home/administrator/.local/share/stm32cube/bundles/gnu-tools-for-stm32/14.3.1+st.2/bin/../lib/gcc/arm-none-eabi/14.3.1/../../../../arm-none-eabi/lib/thumb/v7e-m+fp/hard/libg_nano.a(libc_a-errno.o)
 .debug_frame   0x000043e8       0x20 /home/administrator/.local/share/stm32cube/bundles/gnu-tools-for-stm32/14.3.1+st.2/bin/../lib/gcc/arm-none-eabi/14.3.1/../../../../arm-none-eabi/lib/thumb/v7e-m+fp/hard/libg_nano.a(libc_a-strlen.o)
 .debug_frame   0x00004408       0x90 /home/administrator/.local/share/stm32cube/bundles/gnu-tools-for-stm32/14.3.1+st.2/bin/../lib/gcc/arm-none-eabi/14.3.1/../../../../arm-none-eabi/lib/thumb/v7e-m+fp/hard/libg_nano.a(libc_a-nano-svfprintf.o)
 .debug_frame   0x00004498       0x60 /home/administrator/.local/share/stm32cube/bundles/gnu-tools-for-stm32/14.3.1+st.2/bin/../lib/gcc/arm-none-eabi/14.3.1/../../../../arm-none-eabi/lib/thumb/v7e-m+fp/hard/libg_nano.a(libc_a-nano-vfprintf_i.o)
 .debug_frame   0x000044f8       0x28 /home/administrator/.local/share/stm32cube/bundles/gnu-tools-for-stm32/14.3.1+st.2/bin/../lib/gcc/arm-none-eabi/14.3.1/../../../../arm-none-eabi/lib/thumb/v7e-m+fp/hard/libg_nano.a(libc_a-memmove.o)
 .debug_frame   0x00004520       0x4c /home/administrator/.local/share/stm32cube/bundles/gnu-tools-for-stm32/14.3.1+st.2/bin/../lib/gcc/arm-none-eabi/14.3.1/../../../../arm-none-eabi/lib/thumb/v7e-m+fp/hard/libg_nano.a(libc_a-memchr.o)
 .debug_frame   0x0000456c       0x28 /home/administrator/.local/share/stm32cube/bundles/gnu-tools-for-stm32/14.3.1+st.2/bin/../lib/gcc/arm-none-eabi/14.3.1/../../../../arm-none-eabi/lib/thumb/v7e-m+fp/hard/libg_nano.a(libc_a-memcpy-stub.o)
 .debug_frame   0x00004594       0x3c /home/administrator/.local/share/stm32cube/bundles/gnu-tools-for-stm32/14.3.1+st.2/bin/../lib/gcc/arm-none-eabi/14.3.1/../../../../arm-none-eabi/lib/thumb/v7e-m+fp/hard/libg_nano.a(libc_a-reallocr.o)
 .debug_frame   0x000045d0       0x20 /home/administrator/.local/share/stm32cube/bundles/gnu-tools-for-stm32/14.3.1+st.2/bin/../lib/gcc/arm-none-eabi/14.3.1/../../../../arm-none-eabi/lib/thumb/v7e-m+fp/hard/libg_nano.a(libc_a-msizer.o)

.debug_info     0x00000000    0x181e1
 .debug_info    0x00000000      0x407 cmake/stm32cubemx/CMakeFiles/STM32_Drivers.dir/__/__/Core/Src/system_stm32f3xx.c.obj
 .debug_info    0x00000407     0x163b cmake/stm32cubemx/CMakeFiles/STM32_Drivers.dir/__/__/Drivers/STM32F3xx_HAL_Driver/Src/stm32f3xx_ll_usb.c.obj
 .debug_info    0x00001a42      0xb32 cmake/stm32cubemx/CMakeFiles/STM32_Drivers.dir/__/__/Drivers/STM32F3xx_HAL_Driver/Src/stm32f3xx_hal_adc.c.obj
 .debug_info    0x00002574     0x15b2 cmake/stm32cubemx/CMakeFiles/STM32_Drivers.dir/__/__/Drivers/STM32F3xx_HAL_Driver/Src/stm32f3xx_hal_adc_ex.c.obj
 .debug_info    0x00003b26      0x7d4 cmake/stm32cubemx/CMakeFiles/STM32_Drivers.dir/__/__/Drivers/STM32F3xx_HAL_Driver/Src/stm32f3xx_hal.c.obj
 .debug_info    0x000042fa     0x148a cmake/stm32cubemx/CMakeFiles/STM32_Drivers.dir/__/__/Drivers/STM32F3xx_HAL_Driver/Src/stm32f3xx_hal_rcc.c.obj
 .debug_info    0x00005784      0x5b9 cmake/stm32cubemx/CMakeFiles/STM32_Drivers.dir/__/__/Drivers/STM32F3xx_HAL_Driver/Src/stm32f3xx_hal_rcc_ex.c.obj
 .debug_info    0x00005d3d      0x5fe cmake/stm32cubemx/CMakeFiles/STM32_Drivers.dir/__/__/Drivers/STM32F3xx_HAL_Driver/Src/stm32f3xx_hal_gpio.c.obj
 .debug_info    0x0000633b      0xce4 cmake/stm32cubemx/CMakeFiles/STM32_Drivers.dir/__/__/Drivers/STM32F3xx_HAL_Driver/Src/stm32f3xx_hal_cortex.c.obj
 .debug_info    0x0000701f     0x20c3 cmake/stm32cubemx/CMakeFiles/STM32_Drivers.dir/__/__/Drivers/STM32F3xx_HAL_Driver/Src/stm32f3xx_hal_i2c.c.obj
 .debug_info    0x000090e2      0x818 cmake/stm32cubemx/CMakeFiles/STM32_Drivers.dir/__/__/Drivers/STM32F3xx_HAL_Driver/Src/stm32f3xx_hal_i2c_ex.c.obj
 .debug_info    0x000098fa     0x1622 cmake/stm32cubemx/CMakeFiles/STM32_Drivers.dir/__/__/Drivers/STM32F3xx_HAL_Driver/Src/stm32f3xx_hal_spi.c.obj
 .debug_info    0x0000af1c     0x39a8 cmake/stm32cubemx/CMakeFiles/STM32_Drivers.dir/__/__/Drivers/STM32F3xx_HAL_Driver/Src/stm32f3xx_hal_uart.c.obj
 .debug_info    0x0000e8c4     0x166f cmake/stm32cubemx/CMakeFiles/STM32_Drivers.dir/__/__/Drivers/STM32F3xx_HAL_Driver/Src/stm32f3xx_hal_pcd.c.obj
 .debug_info    0x0000ff33     0x1de3 CMakeFiles/Lab_07.dir/Core/Src/main.c.obj
 .debug_info    0x00011d16      0x70d CMakeFiles/Lab_07.dir/Core/Src/stm32f3xx_it.c.obj
 .debug_info    0x00012423     0x1b13 CMakeFiles/Lab_07.dir/Core/Src/stm32f3xx_hal_msp.c.obj
 .debug_info    0x00013f36      0x168 CMakeFiles/Lab_07.dir/Core/Src/sysmem.c.obj
 .debug_info    0x0001409e       0x30 CMakeFiles/Lab_07.dir/startup_stm32f303xc.s.obj
 .debug_info    0x000140ce      0x89c /home/administrator/.local/share/stm32cube/bundles/gnu-tools-for-stm32/14.3.1+st.2/bin/../lib/gcc/arm-none-eabi/14.3.1/../../../../arm-none-eabi/lib/thumb/v7e-m+fp/hard/libg_nano.a(libc_a-vsnprintf.o)
 .debug_info    0x0001496a      0x6fb /home/administrator/.local/share/stm32cube/bundles/gnu-tools-for-stm32/14.3.1+st.2/bin/../lib/gcc/arm-none-eabi/14.3.1/../../../../arm-none-eabi/lib/thumb/v7e-m+fp/hard/libg_nano.a(libc_a-errno.o)
 .debug_info    0x00015065       0x31 /home/administrator/.local/share/stm32cube/bundles/gnu-tools-for-stm32/14.3.1+st.2/bin/../lib/gcc/arm-none-eabi/14.3.1/../../../../arm-none-eabi/lib/thumb/v7e-m+fp/hard/libg_nano.a(libc_a-strlen.o)
 .debug_info    0x00015096     0x10b3 /home/administrator/.local/share/stm32cube/bundles/gnu-tools-for-stm32/14.3.1+st.2/bin/../lib/gcc/arm-none-eabi/14.3.1/../../../../arm-none-eabi/lib/thumb/v7e-m+fp/hard/libg_nano.a(libc_a-nano-svfprintf.o)
 .debug_info    0x00016149      0xde2 /home/administrator/.local/share/stm32cube/bundles/gnu-tools-for-stm32/14.3.1+st.2/bin/../lib/gcc/arm-none-eabi/14.3.1/../../../../arm-none-eabi/lib/thumb/v7e-m+fp/hard/libg_nano.a(libc_a-nano-vfprintf_i.o)
 .debug_info    0x00016f2b      0x10f /home/administrator/.local/share/stm32cube/bundles/gnu-tools-for-stm32/14.3.1+st.2/bin/../lib/gcc/arm-none-eabi/14.3.1/../../../../arm-none-eabi/lib/thumb/v7e-m+fp/hard/libg_nano.a(libc_a-memmove.o)
 .debug_info    0x0001703a       0x25 /home/administrator/.local/share/stm32cube/bundles/gnu-tools-for-stm32/14.3.1+st.2/bin/../lib/gcc/arm-none-eabi/14.3.1/../../../../arm-none-eabi/lib/thumb/v7e-m+fp/hard/libg_nano.a(libc_a-memchr.o)
 .debug_info    0x0001705f      0x121 /home/administrator/.local/share/stm32cube/bundles/gnu-tools-for-stm32/14.3.1+st.2/bin/../lib/gcc/arm-none-eabi/14.3.1/../../../../arm-none-eabi/lib/thumb/v7e-m+fp/hard/libg_nano.a(libc_a-memcpy-stub.o)
 .debug_info    0x00017180      0x8cd /home/administrator/.local/share/stm32cube/bundles/gnu-tools-for-stm32/14.3.1+st.2/bin/../lib/gcc/arm-none-eabi/14.3.1/../../../../arm-none-eabi/lib/thumb/v7e-m+fp/hard/libg_nano.a(libc_a-reallocr.o)
 .debug_info    0x00017a4d      0x794 /home/administrator/.local/share/stm32cube/bundles/gnu-tools-for-stm32/14.3.1+st.2/bin/../lib/gcc/arm-none-eabi/14.3.1/../../../../arm-none-eabi/lib/thumb/v7e-m+fp/hard/libg_nano.a(libc_a-msizer.o)

.debug_abbrev   0x00000000     0x35d0
 .debug_abbrev  0x00000000      0x11a cmake/stm32cubemx/CMakeFiles/STM32_Drivers.dir/__/__/Core/Src/system_stm32f3xx.c.obj
 .debug_abbrev  0x0000011a      0x247 cmake/stm32cubemx/CMakeFiles/STM32_Drivers.dir/__/__/Drivers/STM32F3xx_HAL_Driver/Src/stm32f3xx_ll_usb.c.obj
 .debug_abbrev  0x00000361      0x186 cmake/stm32cubemx/CMakeFiles/STM32_Drivers.dir/__/__/Drivers/STM32F3xx_HAL_Driver/Src/stm32f3xx_hal_adc.c.obj
 .debug_abbrev  0x000004e7      0x28e cmake/stm32cubemx/CMakeFiles/STM32_Drivers.dir/__/__/Drivers/STM32F3xx_HAL_Driver/Src/stm32f3xx_hal_adc_ex.c.obj
 .debug_abbrev  0x00000775      0x215 cmake/stm32cubemx/CMakeFiles/STM32_Drivers.dir/__/__/Drivers/STM32F3xx_HAL_Driver/Src/stm32f3xx_hal.c.obj
 .debug_abbrev  0x0000098a      0x300 cmake/stm32cubemx/CMakeFiles/STM32_Drivers.dir/__/__/Drivers/STM32F3xx_HAL_Driver/Src/stm32f3xx_hal_rcc.c.obj
 .debug_abbrev  0x00000c8a      0x221 cmake/stm32cubemx/CMakeFiles/STM32_Drivers.dir/__/__/Drivers/STM32F3xx_HAL_Driver/Src/stm32f3xx_hal_rcc_ex.c.obj
 .debug_abbrev  0x00000eab      0x1ca cmake/stm32cubemx/CMakeFiles/STM32_Drivers.dir/__/__/Drivers/STM32F3xx_HAL_Driver/Src/stm32f3xx_hal_gpio.c.obj
 .debug_abbrev  0x00001075      0x31e cmake/stm32cubemx/CMakeFiles/STM32_Drivers.dir/__/__/Drivers/STM32F3xx_HAL_Driver/Src/stm32f3xx_hal_cortex.c.obj
 .debug_abbrev  0x00001393      0x260 cmake/stm32cubemx/CMakeFiles/STM32_Drivers.dir/__/__/Drivers/STM32F3xx_HAL_Driver/Src/stm32f3xx_hal_i2c.c.obj
 .debug_abbrev  0x000015f3      0x1c2 cmake/stm32cubemx/CMakeFiles/STM32_Drivers.dir/__/__/Drivers/STM32F3xx_HAL_Driver/Src/stm32f3xx_hal_i2c_ex.c.obj
 .debug_abbrev  0x000017b5      0x269 cmake/stm32cubemx/CMakeFiles/STM32_Drivers.dir/__/__/Drivers/STM32F3xx_HAL_Driver/Src/stm32f3xx_hal_spi.c.obj
 .debug_abbrev  0x00001a1e      0x2d1 cmake/stm32cubemx/CMakeFiles/STM32_Drivers.dir/__/__/Drivers/STM32F3xx_HAL_Driver/Src/stm32f3xx_hal_uart.c.obj
 .debug_abbrev  0x00001cef      0x2d9 cmake/stm32cubemx/CMakeFiles/STM32_Drivers.dir/__/__/Drivers/STM32F3xx_HAL_Driver/Src/stm32f3xx_hal_pcd.c.obj
 .debug_abbrev  0x00001fc8      0x2f7 CMakeFiles/Lab_07.dir/Core/Src/main.c.obj
 .debug_abbrev  0x000022bf      0x18f CMakeFiles/Lab_07.dir/Core/Src/stm32f3xx_it.c.obj
 .debug_abbrev  0x0000244e      0x21a CMakeFiles/Lab_07.dir/Core/Src/stm32f3xx_hal_msp.c.obj
 .debug_abbrev  0x00002668       0xbc CMakeFiles/Lab_07.dir/Core/Src/sysmem.c.obj
 .debug_abbrev  0x00002724       0x24 CMakeFiles/Lab_07.dir/startup_stm32f303xc.s.obj
 .debug_abbrev  0x00002748      0x228 /home/administrator/.local/share/stm32cube/bundles/gnu-tools-for-stm32/14.3.1+st.2/bin/../lib/gcc/arm-none-eabi/14.3.1/../../../../arm-none-eabi/lib/thumb/v7e-m+fp/hard/libg_nano.a(libc_a-vsnprintf.o)
 .debug_abbrev  0x00002970      0x15e /home/administrator/.local/share/stm32cube/bundles/gnu-tools-for-stm32/14.3.1+st.2/bin/../lib/gcc/arm-none-eabi/14.3.1/../../../../arm-none-eabi/lib/thumb/v7e-m+fp/hard/libg_nano.a(libc_a-errno.o)
 .debug_abbrev  0x00002ace       0x28 /home/administrator/.local/share/stm32cube/bundles/gnu-tools-for-stm32/14.3.1+st.2/bin/../lib/gcc/arm-none-eabi/14.3.1/../../../../arm-none-eabi/lib/thumb/v7e-m+fp/hard/libg_nano.a(libc_a-strlen.o)
 .debug_abbrev  0x00002af6      0x31e /home/administrator/.local/share/stm32cube/bundles/gnu-tools-for-stm32/14.3.1+st.2/bin/../lib/gcc/arm-none-eabi/14.3.1/../../../../arm-none-eabi/lib/thumb/v7e-m+fp/hard/libg_nano.a(libc_a-nano-svfprintf.o)
 .debug_abbrev  0x00002e14      0x28e /home/administrator/.local/share/stm32cube/bundles/gnu-tools-for-stm32/14.3.1+st.2/bin/../lib/gcc/arm-none-eabi/14.3.1/../../../../arm-none-eabi/lib/thumb/v7e-m+fp/hard/libg_nano.a(libc_a-nano-vfprintf_i.o)
 .debug_abbrev  0x000030a2       0xac /home/administrator/.local/share/stm32cube/bundles/gnu-tools-for-stm32/14.3.1+st.2/bin/../lib/gcc/arm-none-eabi/14.3.1/../../../../arm-none-eabi/lib/thumb/v7e-m+fp/hard/libg_nano.a(libc_a-memmove.o)
 .debug_abbrev  0x0000314e       0x14 /home/administrator/.local/share/stm32cube/bundles/gnu-tools-for-stm32/14.3.1+st.2/bin/../lib/gcc/arm-none-eabi/14.3.1/../../../../arm-none-eabi/lib/thumb/v7e-m+fp/hard/libg_nano.a(libc_a-memchr.o)
 .debug_abbrev  0x00003162       0xc1 /home/administrator/.local/share/stm32cube/bundles/gnu-tools-for-stm32/14.3.1+st.2/bin/../lib/gcc/arm-none-eabi/14.3.1/../../../../arm-none-eabi/lib/thumb/v7e-m+fp/hard/libg_nano.a(libc_a-memcpy-stub.o)
 .debug_abbrev  0x00003223      0x217 /home/administrator/.local/share/stm32cube/bundles/gnu-tools-for-stm32/14.3.1+st.2/bin/../lib/gcc/arm-none-eabi/14.3.1/../../../../arm-none-eabi/lib/thumb/v7e-m+fp/hard/libg_nano.a(libc_a-reallocr.o)
 .debug_abbrev  0x0000343a      0x196 /home/administrator/.local/share/stm32cube/bundles/gnu-tools-for-stm32/14.3.1+st.2/bin/../lib/gcc/arm-none-eabi/14.3.1/../../../../arm-none-eabi/lib/thumb/v7e-m+fp/hard/libg_nano.a(libc_a-msizer.o)

.debug_aranges  0x00000000     0x1158
 .debug_aranges
                0x00000000       0x28 cmake/stm32cubemx/CMakeFiles/STM32_Drivers.dir/__/__/Core/Src/system_stm32f3xx.c.obj
 .debug_aranges
                0x00000028       0xc8 cmake/stm32cubemx/CMakeFiles/STM32_Drivers.dir/__/__/Drivers/STM32F3xx_HAL_Driver/Src/stm32f3xx_ll_usb.c.obj
 .debug_aranges
                0x000000f0       0xc8 cmake/stm32cubemx/CMakeFiles/STM32_Drivers.dir/__/__/Drivers/STM32F3xx_HAL_Driver/Src/stm32f3xx_hal_adc.c.obj
 .debug_aranges
                0x000001b8      0x168 cmake/stm32cubemx/CMakeFiles/STM32_Drivers.dir/__/__/Drivers/STM32F3xx_HAL_Driver/Src/stm32f3xx_hal_adc_ex.c.obj
 .debug_aranges
                0x00000320       0xe0 cmake/stm32cubemx/CMakeFiles/STM32_Drivers.dir/__/__/Drivers/STM32F3xx_HAL_Driver/Src/stm32f3xx_hal.c.obj
 .debug_aranges
                0x00000400       0x88 cmake/stm32cubemx/CMakeFiles/STM32_Drivers.dir/__/__/Drivers/STM32F3xx_HAL_Driver/Src/stm32f3xx_hal_rcc.c.obj
 .debug_aranges
                0x00000488       0x38 cmake/stm32cubemx/CMakeFiles/STM32_Drivers.dir/__/__/Drivers/STM32F3xx_HAL_Driver/Src/stm32f3xx_hal_rcc_ex.c.obj
 .debug_aranges
                0x000004c0       0x58 cmake/stm32cubemx/CMakeFiles/STM32_Drivers.dir/__/__/Drivers/STM32F3xx_HAL_Driver/Src/stm32f3xx_hal_gpio.c.obj
 .debug_aranges
                0x00000518      0x128 cmake/stm32cubemx/CMakeFiles/STM32_Drivers.dir/__/__/Drivers/STM32F3xx_HAL_Driver/Src/stm32f3xx_hal_cortex.c.obj
 .debug_aranges
                0x00000640      0x2a0 cmake/stm32cubemx/CMakeFiles/STM32_Drivers.dir/__/__/Drivers/STM32F3xx_HAL_Driver/Src/stm32f3xx_hal_i2c.c.obj
 .debug_aranges
                0x000008e0       0x48 cmake/stm32cubemx/CMakeFiles/STM32_Drivers.dir/__/__/Drivers/STM32F3xx_HAL_Driver/Src/stm32f3xx_hal_i2c_ex.c.obj
 .debug_aranges
                0x00000928      0x1d8 cmake/stm32cubemx/CMakeFiles/STM32_Drivers.dir/__/__/Drivers/STM32F3xx_HAL_Driver/Src/stm32f3xx_hal_spi.c.obj
 .debug_aranges
                0x00000b00      0x228 cmake/stm32cubemx/CMakeFiles/STM32_Drivers.dir/__/__/Drivers/STM32F3xx_HAL_Driver/Src/stm32f3xx_hal_uart.c.obj
 .debug_aranges
                0x00000d28      0x140 cmake/stm32cubemx/CMakeFiles/STM32_Drivers.dir/__/__/Drivers/STM32F3xx_HAL_Driver/Src/stm32f3xx_hal_pcd.c.obj
 .debug_aranges
                0x00000e68       0x70 CMakeFiles/Lab_07.dir/Core/Src/main.c.obj
 .debug_aranges
                0x00000ed8       0x68 CMakeFiles/Lab_07.dir/Core/Src/stm32f3xx_it.c.obj
 .debug_aranges
                0x00000f40       0x70 CMakeFiles/Lab_07.dir/Core/Src/stm32f3xx_hal_msp.c.obj
 .debug_aranges
                0x00000fb0       0x20 CMakeFiles/Lab_07.dir/Core/Src/sysmem.c.obj
 .debug_aranges
                0x00000fd0       0x28 CMakeFiles/Lab_07.dir/startup_stm32f303xc.s.obj
 .debug_aranges
                0x00000ff8       0x28 /home/administrator/.local/share/stm32cube/bundles/gnu-tools-for-stm32/14.3.1+st.2/bin/../lib/gcc/arm-none-eabi/14.3.1/../../../../arm-none-eabi/lib/thumb/v7e-m+fp/hard/libg_nano.a(libc_a-vsnprintf.o)
 .debug_aranges
                0x00001020       0x20 /home/administrator/.local/share/stm32cube/bundles/gnu-tools-for-stm32/14.3.1+st.2/bin/../lib/gcc/arm-none-eabi/14.3.1/../../../../arm-none-eabi/lib/thumb/v7e-m+fp/hard/libg_nano.a(libc_a-errno.o)
 .debug_aranges
                0x00001040       0x20 /home/administrator/.local/share/stm32cube/bundles/gnu-tools-for-stm32/14.3.1+st.2/bin/../lib/gcc/arm-none-eabi/14.3.1/../../../../arm-none-eabi/lib/thumb/v7e-m+fp/hard/libg_nano.a(libc_a-strlen.o)
 .debug_aranges
                0x00001060       0x30 /home/administrator/.local/share/stm32cube/bundles/gnu-tools-for-stm32/14.3.1+st.2/bin/../lib/gcc/arm-none-eabi/14.3.1/../../../../arm-none-eabi/lib/thumb/v7e-m+fp/hard/libg_nano.a(libc_a-nano-svfprintf.o)
 .debug_aranges
                0x00001090       0x28 /home/administrator/.local/share/stm32cube/bundles/gnu-tools-for-stm32/14.3.1+st.2/bin/../lib/gcc/arm-none-eabi/14.3.1/../../../../arm-none-eabi/lib/thumb/v7e-m+fp/hard/libg_nano.a(libc_a-nano-vfprintf_i.o)
 .debug_aranges
                0x000010b8       0x20 /home/administrator/.local/share/stm32cube/bundles/gnu-tools-for-stm32/14.3.1+st.2/bin/../lib/gcc/arm-none-eabi/14.3.1/../../../../arm-none-eabi/lib/thumb/v7e-m+fp/hard/libg_nano.a(libc_a-memmove.o)
 .debug_aranges
                0x000010d8       0x20 /home/administrator/.local/share/stm32cube/bundles/gnu-tools-for-stm32/14.3.1+st.2/bin/../lib/gcc/arm-none-eabi/14.3.1/../../../../arm-none-eabi/lib/thumb/v7e-m+fp/hard/libg_nano.a(libc_a-memchr.o)
 .debug_aranges
                0x000010f8       0x20 /home/administrator/.local/share/stm32cube/bundles/gnu-tools-for-stm32/14.3.1+st.2/bin/../lib/gcc/arm-none-eabi/14.3.1/../../../../arm-none-eabi/lib/thumb/v7e-m+fp/hard/libg_nano.a(libc_a-memcpy-stub.o)
 .debug_aranges
                0x00001118       0x20 /home/administrator/.local/share/stm32cube/bundles/gnu-tools-for-stm32/14.3.1+st.2/bin/../lib/gcc/arm-none-eabi/14.3.1/../../../../arm-none-eabi/lib/thumb/v7e-m+fp/hard/libg_nano.a(libc_a-reallocr.o)
 .debug_aranges
                0x00001138       0x20 /home/administrator/.local/share/stm32cube/bundles/gnu-tools-for-stm32/14.3.1+st.2/bin/../lib/gcc/arm-none-eabi/14.3.1/../../../../arm-none-eabi/lib/thumb/v7e-m+fp/hard/libg_nano.a(libc_a-msizer.o)

.debug_rnglists
                0x00000000      0xd8c
 .debug_rnglists
                0x00000000       0x1a cmake/stm32cubemx/CMakeFiles/STM32_Drivers.dir/__/__/Core/Src/system_stm32f3xx.c.obj
 .debug_rnglists
                0x0000001a       0x99 cmake/stm32cubemx/CMakeFiles/STM32_Drivers.dir/__/__/Drivers/STM32F3xx_HAL_Driver/Src/stm32f3xx_ll_usb.c.obj
 .debug_rnglists
                0x000000b3       0x91 cmake/stm32cubemx/CMakeFiles/STM32_Drivers.dir/__/__/Drivers/STM32F3xx_HAL_Driver/Src/stm32f3xx_hal_adc.c.obj
 .debug_rnglists
                0x00000144      0x126 cmake/stm32cubemx/CMakeFiles/STM32_Drivers.dir/__/__/Drivers/STM32F3xx_HAL_Driver/Src/stm32f3xx_hal_adc_ex.c.obj
 .debug_rnglists
                0x0000026a       0xa3 cmake/stm32cubemx/CMakeFiles/STM32_Drivers.dir/__/__/Drivers/STM32F3xx_HAL_Driver/Src/stm32f3xx_hal.c.obj
 .debug_rnglists
                0x0000030d       0x66 cmake/stm32cubemx/CMakeFiles/STM32_Drivers.dir/__/__/Drivers/STM32F3xx_HAL_Driver/Src/stm32f3xx_hal_rcc.c.obj
 .debug_rnglists
                0x00000373       0x28 cmake/stm32cubemx/CMakeFiles/STM32_Drivers.dir/__/__/Drivers/STM32F3xx_HAL_Driver/Src/stm32f3xx_hal_rcc_ex.c.obj
 .debug_rnglists
                0x0000039b       0x3f cmake/stm32cubemx/CMakeFiles/STM32_Drivers.dir/__/__/Drivers/STM32F3xx_HAL_Driver/Src/stm32f3xx_hal_gpio.c.obj
 .debug_rnglists
                0x000003da       0xda cmake/stm32cubemx/CMakeFiles/STM32_Drivers.dir/__/__/Drivers/STM32F3xx_HAL_Driver/Src/stm32f3xx_hal_cortex.c.obj
 .debug_rnglists
                0x000004b4      0x228 cmake/stm32cubemx/CMakeFiles/STM32_Drivers.dir/__/__/Drivers/STM32F3xx_HAL_Driver/Src/stm32f3xx_hal_i2c.c.obj
 .debug_rnglists
                0x000006dc       0x35 cmake/stm32cubemx/CMakeFiles/STM32_Drivers.dir/__/__/Drivers/STM32F3xx_HAL_Driver/Src/stm32f3xx_hal_i2c_ex.c.obj
 .debug_rnglists
                0x00000711      0x178 cmake/stm32cubemx/CMakeFiles/STM32_Drivers.dir/__/__/Drivers/STM32F3xx_HAL_Driver/Src/stm32f3xx_hal_spi.c.obj
 .debug_rnglists
                0x00000889      0x1da cmake/stm32cubemx/CMakeFiles/STM32_Drivers.dir/__/__/Drivers/STM32F3xx_HAL_Driver/Src/stm32f3xx_hal_uart.c.obj
 .debug_rnglists
                0x00000a63       0xf4 cmake/stm32cubemx/CMakeFiles/STM32_Drivers.dir/__/__/Drivers/STM32F3xx_HAL_Driver/Src/stm32f3xx_hal_pcd.c.obj
 .debug_rnglists
                0x00000b57       0x53 CMakeFiles/Lab_07.dir/Core/Src/main.c.obj
 .debug_rnglists
                0x00000baa       0x49 CMakeFiles/Lab_07.dir/Core/Src/stm32f3xx_it.c.obj
 .debug_rnglists
                0x00000bf3       0x54 CMakeFiles/Lab_07.dir/Core/Src/stm32f3xx_hal_msp.c.obj
 .debug_rnglists
                0x00000c47       0x13 CMakeFiles/Lab_07.dir/Core/Src/sysmem.c.obj
 .debug_rnglists
                0x00000c5a       0x19 CMakeFiles/Lab_07.dir/startup_stm32f303xc.s.obj
 .debug_rnglists
                0x00000c73       0x19 /home/administrator/.local/share/stm32cube/bundles/gnu-tools-for-stm32/14.3.1+st.2/bin/../lib/gcc/arm-none-eabi/14.3.1/../../../../arm-none-eabi/lib/thumb/v7e-m+fp/hard/libg_nano.a(libc_a-vsnprintf.o)
 .debug_rnglists
                0x00000c8c       0x13 /home/administrator/.local/share/stm32cube/bundles/gnu-tools-for-stm32/14.3.1+st.2/bin/../lib/gcc/arm-none-eabi/14.3.1/../../../../arm-none-eabi/lib/thumb/v7e-m+fp/hard/libg_nano.a(libc_a-errno.o)
 .debug_rnglists
                0x00000c9f       0x40 /home/administrator/.local/share/stm32cube/bundles/gnu-tools-for-stm32/14.3.1+st.2/bin/../lib/gcc/arm-none-eabi/14.3.1/../../../../arm-none-eabi/lib/thumb/v7e-m+fp/hard/libg_nano.a(libc_a-nano-svfprintf.o)
 .debug_rnglists
                0x00000cdf       0x61 /home/administrator/.local/share/stm32cube/bundles/gnu-tools-for-stm32/14.3.1+st.2/bin/../lib/gcc/arm-none-eabi/14.3.1/../../../../arm-none-eabi/lib/thumb/v7e-m+fp/hard/libg_nano.a(libc_a-nano-vfprintf_i.o)
 .debug_rnglists
                0x00000d40       0x13 /home/administrator/.local/share/stm32cube/bundles/gnu-tools-for-stm32/14.3.1+st.2/bin/../lib/gcc/arm-none-eabi/14.3.1/../../../../arm-none-eabi/lib/thumb/v7e-m+fp/hard/libg_nano.a(libc_a-memmove.o)
 .debug_rnglists
                0x00000d53       0x13 /home/administrator/.local/share/stm32cube/bundles/gnu-tools-for-stm32/14.3.1+st.2/bin/../lib/gcc/arm-none-eabi/14.3.1/../../../../arm-none-eabi/lib/thumb/v7e-m+fp/hard/libg_nano.a(libc_a-memcpy-stub.o)
 .debug_rnglists
                0x00000d66       0x13 /home/administrator/.local/share/stm32cube/bundles/gnu-tools-for-stm32/14.3.1+st.2/bin/../lib/gcc/arm-none-eabi/14.3.1/../../../../arm-none-eabi/lib/thumb/v7e-m+fp/hard/libg_nano.a(libc_a-reallocr.o)
 .debug_rnglists
                0x00000d79       0x13 /home/administrator/.local/share/stm32cube/bundles/gnu-tools-for-stm32/14.3.1+st.2/bin/../lib/gcc/arm-none-eabi/14.3.1/../../../../arm-none-eabi/lib/thumb/v7e-m+fp/hard/libg_nano.a(libc_a-msizer.o)

.debug_macro    0x00000000    0x1f423
 .debug_macro   0x00000000      0x215 cmake/stm32cubemx/CMakeFiles/STM32_Drivers.dir/__/__/Core/Src/system_stm32f3xx.c.obj
 .debug_macro   0x00000215      0xad8 cmake/stm32cubemx/CMakeFiles/STM32_Drivers.dir/__/__/Core/Src/system_stm32f3xx.c.obj
 .debug_macro   0x00000ced       0x2e cmake/stm32cubemx/CMakeFiles/STM32_Drivers.dir/__/__/Core/Src/system_stm32f3xx.c.obj
 .debug_macro   0x00000d1b       0x28 cmake/stm32cubemx/CMakeFiles/STM32_Drivers.dir/__/__/Core/Src/system_stm32f3xx.c.obj
 .debug_macro   0x00000d43       0x22 cmake/stm32cubemx/CMakeFiles/STM32_Drivers.dir/__/__/Core/Src/system_stm32f3xx.c.obj
 .debug_macro   0x00000d65       0x8e cmake/stm32cubemx/CMakeFiles/STM32_Drivers.dir/__/__/Core/Src/system_stm32f3xx.c.obj
 .debug_macro   0x00000df3       0x51 cmake/stm32cubemx/CMakeFiles/STM32_Drivers.dir/__/__/Core/Src/system_stm32f3xx.c.obj
 .debug_macro   0x00000e44      0x103 cmake/stm32cubemx/CMakeFiles/STM32_Drivers.dir/__/__/Core/Src/system_stm32f3xx.c.obj
 .debug_macro   0x00000f47       0x6a cmake/stm32cubemx/CMakeFiles/STM32_Drivers.dir/__/__/Core/Src/system_stm32f3xx.c.obj
 .debug_macro   0x00000fb1      0x1df cmake/stm32cubemx/CMakeFiles/STM32_Drivers.dir/__/__/Core/Src/system_stm32f3xx.c.obj
 .debug_macro   0x00001190       0x1c cmake/stm32cubemx/CMakeFiles/STM32_Drivers.dir/__/__/Core/Src/system_stm32f3xx.c.obj
 .debug_macro   0x000011ac       0x22 cmake/stm32cubemx/CMakeFiles/STM32_Drivers.dir/__/__/Core/Src/system_stm32f3xx.c.obj
 .debug_macro   0x000011ce       0xd9 cmake/stm32cubemx/CMakeFiles/STM32_Drivers.dir/__/__/Core/Src/system_stm32f3xx.c.obj
 .debug_macro   0x000012a7     0x102d cmake/stm32cubemx/CMakeFiles/STM32_Drivers.dir/__/__/Core/Src/system_stm32f3xx.c.obj
 .debug_macro   0x000022d4      0x11f cmake/stm32cubemx/CMakeFiles/STM32_Drivers.dir/__/__/Core/Src/system_stm32f3xx.c.obj
 .debug_macro   0x000023f3    0x12a3a cmake/stm32cubemx/CMakeFiles/STM32_Drivers.dir/__/__/Core/Src/system_stm32f3xx.c.obj
 .debug_macro   0x00014e2d       0x6d cmake/stm32cubemx/CMakeFiles/STM32_Drivers.dir/__/__/Core/Src/system_stm32f3xx.c.obj
 .debug_macro   0x00014e9a      0x16a cmake/stm32cubemx/CMakeFiles/STM32_Drivers.dir/__/__/Core/Src/system_stm32f3xx.c.obj
 .debug_macro   0x00015004     0x3574 cmake/stm32cubemx/CMakeFiles/STM32_Drivers.dir/__/__/Core/Src/system_stm32f3xx.c.obj
 .debug_macro   0x00018578      0x190 cmake/stm32cubemx/CMakeFiles/STM32_Drivers.dir/__/__/Core/Src/system_stm32f3xx.c.obj
 .debug_macro   0x00018708       0x55 cmake/stm32cubemx/CMakeFiles/STM32_Drivers.dir/__/__/Core/Src/system_stm32f3xx.c.obj
 .debug_macro   0x0001875d      0x961 cmake/stm32cubemx/CMakeFiles/STM32_Drivers.dir/__/__/Core/Src/system_stm32f3xx.c.obj
 .debug_macro   0x000190be      0x5fe cmake/stm32cubemx/CMakeFiles/STM32_Drivers.dir/__/__/Core/Src/system_stm32f3xx.c.obj
 .debug_macro   0x000196bc      0x1b5 cmake/stm32cubemx/CMakeFiles/STM32_Drivers.dir/__/__/Core/Src/system_stm32f3xx.c.obj
 .debug_macro   0x00019871      0x1fb cmake/stm32cubemx/CMakeFiles/STM32_Drivers.dir/__/__/Core/Src/system_stm32f3xx.c.obj
 .debug_macro   0x00019a6c      0x1dc cmake/stm32cubemx/CMakeFiles/STM32_Drivers.dir/__/__/Core/Src/system_stm32f3xx.c.obj
 .debug_macro   0x00019c48      0x1bc cmake/stm32cubemx/CMakeFiles/STM32_Drivers.dir/__/__/Core/Src/system_stm32f3xx.c.obj
 .debug_macro   0x00019e04       0x30 cmake/stm32cubemx/CMakeFiles/STM32_Drivers.dir/__/__/Core/Src/system_stm32f3xx.c.obj
 .debug_macro   0x00019e34       0x3c cmake/stm32cubemx/CMakeFiles/STM32_Drivers.dir/__/__/Core/Src/system_stm32f3xx.c.obj
 .debug_macro   0x00019e70      0x235 cmake/stm32cubemx/CMakeFiles/STM32_Drivers.dir/__/__/Core/Src/system_stm32f3xx.c.obj
 .debug_macro   0x0001a0a5      0x9b1 cmake/stm32cubemx/CMakeFiles/STM32_Drivers.dir/__/__/Core/Src/system_stm32f3xx.c.obj
 .debug_macro   0x0001aa56       0x77 cmake/stm32cubemx/CMakeFiles/STM32_Drivers.dir/__/__/Core/Src/system_stm32f3xx.c.obj
 .debug_macro   0x0001aacd       0xc5 cmake/stm32cubemx/CMakeFiles/STM32_Drivers.dir/__/__/Core/Src/system_stm32f3xx.c.obj
 .debug_macro   0x0001ab92      0x21d cmake/stm32cubemx/CMakeFiles/STM32_Drivers.dir/__/__/Core/Src/system_stm32f3xx.c.obj
 .debug_macro   0x0001adaf      0x22c cmake/stm32cubemx/CMakeFiles/STM32_Drivers.dir/__/__/Core/Src/system_stm32f3xx.c.obj
 .debug_macro   0x0001afdb       0x5b cmake/stm32cubemx/CMakeFiles/STM32_Drivers.dir/__/__/Core/Src/system_stm32f3xx.c.obj
 .debug_macro   0x0001b036       0xa5 cmake/stm32cubemx/CMakeFiles/STM32_Drivers.dir/__/__/Core/Src/system_stm32f3xx.c.obj
 .debug_macro   0x0001b0db       0x73 cmake/stm32cubemx/CMakeFiles/STM32_Drivers.dir/__/__/Core/Src/system_stm32f3xx.c.obj
 .debug_macro   0x0001b14e      0x242 cmake/stm32cubemx/CMakeFiles/STM32_Drivers.dir/__/__/Core/Src/system_stm32f3xx.c.obj
 .debug_macro   0x0001b390       0x81 cmake/stm32cubemx/CMakeFiles/STM32_Drivers.dir/__/__/Core/Src/system_stm32f3xx.c.obj
 .debug_macro   0x0001b411       0xd3 cmake/stm32cubemx/CMakeFiles/STM32_Drivers.dir/__/__/Core/Src/system_stm32f3xx.c.obj
 .debug_macro   0x0001b4e4      0x2fe cmake/stm32cubemx/CMakeFiles/STM32_Drivers.dir/__/__/Core/Src/system_stm32f3xx.c.obj
 .debug_macro   0x0001b7e2      0x5ba cmake/stm32cubemx/CMakeFiles/STM32_Drivers.dir/__/__/Core/Src/system_stm32f3xx.c.obj
 .debug_macro   0x0001bd9c       0x3e cmake/stm32cubemx/CMakeFiles/STM32_Drivers.dir/__/__/Core/Src/system_stm32f3xx.c.obj
 .debug_macro   0x0001bdda      0x275 cmake/stm32cubemx/CMakeFiles/STM32_Drivers.dir/__/__/Core/Src/system_stm32f3xx.c.obj
 .debug_macro   0x0001c04f      0x215 cmake/stm32cubemx/CMakeFiles/STM32_Drivers.dir/__/__/Drivers/STM32F3xx_HAL_Driver/Src/stm32f3xx_ll_usb.c.obj
 .debug_macro   0x0001c264      0x216 cmake/stm32cubemx/CMakeFiles/STM32_Drivers.dir/__/__/Drivers/STM32F3xx_HAL_Driver/Src/stm32f3xx_hal_adc.c.obj
 .debug_macro   0x0001c47a      0x23f cmake/stm32cubemx/CMakeFiles/STM32_Drivers.dir/__/__/Drivers/STM32F3xx_HAL_Driver/Src/stm32f3xx_hal_adc_ex.c.obj
 .debug_macro   0x0001c6b9      0x239 cmake/stm32cubemx/CMakeFiles/STM32_Drivers.dir/__/__/Drivers/STM32F3xx_HAL_Driver/Src/stm32f3xx_hal.c.obj
 .debug_macro   0x0001c8f2      0x239 cmake/stm32cubemx/CMakeFiles/STM32_Drivers.dir/__/__/Drivers/STM32F3xx_HAL_Driver/Src/stm32f3xx_hal_rcc.c.obj
 .debug_macro   0x0001cb2b      0x215 cmake/stm32cubemx/CMakeFiles/STM32_Drivers.dir/__/__/Drivers/STM32F3xx_HAL_Driver/Src/stm32f3xx_hal_rcc_ex.c.obj
 .debug_macro   0x0001cd40      0x21c cmake/stm32cubemx/CMakeFiles/STM32_Drivers.dir/__/__/Drivers/STM32F3xx_HAL_Driver/Src/stm32f3xx_hal_gpio.c.obj
 .debug_macro   0x0001cf5c      0x215 cmake/stm32cubemx/CMakeFiles/STM32_Drivers.dir/__/__/Drivers/STM32F3xx_HAL_Driver/Src/stm32f3xx_hal_cortex.c.obj
 .debug_macro   0x0001d171      0x2e1 cmake/stm32cubemx/CMakeFiles/STM32_Drivers.dir/__/__/Drivers/STM32F3xx_HAL_Driver/Src/stm32f3xx_hal_i2c.c.obj